 Klatt1_sfun

 Timestamp is 5509ae07 (Wed Mar 18 22:25:35 2015)

 Preferred load address is 0000000180000000

 Start         Length     Name                   Class
 0001:00000000 00040904H .text                   CODE
 0001:00040910 00000092H .text$x                 CODE
 0002:00000000 00000480H .idata$5                DATA
 0002:00000480 00000008H .CRT$XCA                DATA
 0002:00000488 00000008H .CRT$XCZ                DATA
 0002:00000490 00000008H .CRT$XIA                DATA
 0002:00000498 00000008H .CRT$XIAA               DATA
 0002:000004a0 00000008H .CRT$XIZ                DATA
 0002:000004b0 00004b9cH .rdata                  DATA
 0002:00005050 00000008H .rtc$IAA                DATA
 0002:00005058 00000008H .rtc$IZZ                DATA
 0002:00005060 00000008H .rtc$TAA                DATA
 0002:00005068 00000008H .rtc$TZZ                DATA
 0002:00005070 00004314H .xdata                  DATA
 0002:00009384 000000a0H .idata$2                DATA
 0002:00009424 00000014H .idata$3                DATA
 0002:00009438 00000480H .idata$4                DATA
 0002:000098b8 00000a72H .idata$6                DATA
 0002:0000a330 00000051H .edata                  DATA
 0003:00000000 000037e8H .data                   DATA
 0003:00003800 000026d8H .bss                    DATA
 0004:00000000 000035b8H .pdata                  DATA

  Address         Publics by Value              Rva+Base               Lib:Object

 0000:00000000       ___safe_se_handler_table   0000000000000000     <absolute>
 0000:00000000       ___safe_se_handler_count   0000000000000000     <absolute>
 0000:00000000       __ImageBase                0000000180000000     <linker-defined>
 0001:00000000       sf_c1_Klatt1_get_eml_resolved_functions_info 0000000180001000 f   c1_Klatt1.obj
 0001:00000590       sf_c1_Klatt1_get_check_sum 0000000180001590 f   c1_Klatt1.obj
 0001:00000610       sf_c1_Klatt1_get_autoinheritance_info 0000000180001610 f   c1_Klatt1.obj
 0001:00000a30       sf_internal_get_sim_state_c1_Klatt1 0000000180001a30 f   c1_Klatt1.obj
 0001:00000d80       sf_internal_set_sim_state_c1_Klatt1 0000000180001d80 f   c1_Klatt1.obj
 0001:00001170       c1_Klatt1_method_dispatcher 0000000180002170 f   c1_Klatt1.obj
 0001:000028a0       sf_c2_Klatt1_get_eml_resolved_functions_info 00000001800038a0 f   c2_Klatt1.obj
 0001:00002e80       sf_c2_Klatt1_get_check_sum 0000000180003e80 f   c2_Klatt1.obj
 0001:00002f00       sf_c2_Klatt1_get_autoinheritance_info 0000000180003f00 f   c2_Klatt1.obj
 0001:00003320       sf_internal_get_sim_state_c2_Klatt1 0000000180004320 f   c2_Klatt1.obj
 0001:000036d0       sf_internal_set_sim_state_c2_Klatt1 00000001800046d0 f   c2_Klatt1.obj
 0001:00003b90       c2_Klatt1_method_dispatcher 0000000180004b90 f   c2_Klatt1.obj
 0001:00005930       sf_c3_Klatt1_get_eml_resolved_functions_info 0000000180006930 f   c3_Klatt1.obj
 0001:00005f80       sf_c3_Klatt1_get_check_sum 0000000180006f80 f   c3_Klatt1.obj
 0001:00006000       sf_c3_Klatt1_get_autoinheritance_info 0000000180007000 f   c3_Klatt1.obj
 0001:00006420       sf_internal_get_sim_state_c3_Klatt1 0000000180007420 f   c3_Klatt1.obj
 0001:000067d0       sf_internal_set_sim_state_c3_Klatt1 00000001800077d0 f   c3_Klatt1.obj
 0001:00006c90       c3_Klatt1_method_dispatcher 0000000180007c90 f   c3_Klatt1.obj
 0001:00008a50       sf_c4_Klatt1_get_eml_resolved_functions_info 0000000180009a50 f   c4_Klatt1.obj
 0001:00008fe0       sf_c4_Klatt1_get_check_sum 0000000180009fe0 f   c4_Klatt1.obj
 0001:00009060       sf_c4_Klatt1_get_autoinheritance_info 000000018000a060 f   c4_Klatt1.obj
 0001:00009480       sf_internal_get_sim_state_c4_Klatt1 000000018000a480 f   c4_Klatt1.obj
 0001:000097d0       sf_internal_set_sim_state_c4_Klatt1 000000018000a7d0 f   c4_Klatt1.obj
 0001:00009bc0       c4_Klatt1_method_dispatcher 000000018000abc0 f   c4_Klatt1.obj
 0001:0000b2e0       sf_c5_Klatt1_get_eml_resolved_functions_info 000000018000c2e0 f   c5_Klatt1.obj
 0001:0000b940       sf_c5_Klatt1_get_check_sum 000000018000c940 f   c5_Klatt1.obj
 0001:0000b9c0       sf_c5_Klatt1_get_autoinheritance_info 000000018000c9c0 f   c5_Klatt1.obj
 0001:0000bde0       sf_internal_get_sim_state_c5_Klatt1 000000018000cde0 f   c5_Klatt1.obj
 0001:0000c1c0       sf_internal_set_sim_state_c5_Klatt1 000000018000d1c0 f   c5_Klatt1.obj
 0001:0000c6b0       c5_Klatt1_method_dispatcher 000000018000d6b0 f   c5_Klatt1.obj
 0001:0000e4b0       sf_process_check_sum_call  000000018000f4b0 f   Klatt1_sfun_registry.obj
 0001:0000e500       sf_process_autoinheritance_call 000000018000f500 f   Klatt1_sfun_registry.obj
 0001:0000e6a0       sf_process_get_eml_resolved_functions_info_call 000000018000f6a0 f   Klatt1_sfun_registry.obj
 0001:0000e820       sf_mex_unlock_call         000000018000f820 f   Klatt1_sfun_registry.obj
 0001:0000e8d0       sf_machine_global_initializer_called 000000018000f8d0 f   Klatt1_sfun_registry.obj
 0001:0000e900       sf_machine_global_method_dispatcher 000000018000f900 f   Klatt1_sfun_registry.obj
 0001:0000e960       sf_machine_global_terminator 000000018000f960 f   Klatt1_sfun_registry.obj
 0001:0000e9a0       sf_register_machine_exported_symbols 000000018000f9a0 f   Klatt1_sfun_registry.obj
 0001:0000e9c0       callCustomFcn              000000018000f9c0 f   Klatt1_sfun_registry.obj
 0001:0000e9d0       sf_machine_global_initializer 000000018000f9d0 f   Klatt1_sfun_registry.obj
 0001:0000ea40       _ssSetStateAbsTol          000000018000fa40 f   Klatt1_sfun_registry.obj
 0001:0000eb20       _ssGetAbsTol               000000018000fb20 f   Klatt1_sfun_registry.obj
 0001:0000eb90       _ssSetInputPortMatrixDimensions 000000018000fb90 f   Klatt1_sfun_registry.obj
 0001:0000eca0       _ssSetOutputPortMatrixDimensions 000000018000fca0 f   Klatt1_sfun_registry.obj
 0001:0000edb0       _ssSetInputPortVectorDimension 000000018000fdb0 f   Klatt1_sfun_registry.obj
 0001:0000ee80       _ssSetOutputPortVectorDimension 000000018000fe80 f   Klatt1_sfun_registry.obj
 0001:0000ef50       ssIsRunTimeParamTunable    000000018000ff50 f   Klatt1_sfun_registry.obj
 0001:0000efc0       ssGetSFuncBlockHandle      000000018000ffc0 f   Klatt1_sfun_registry.obj
 0001:0000f030       _ssGetCurrentInputPortWidth 0000000180010030 f   Klatt1_sfun_registry.obj
 0001:0000f150       _ssGetCurrentOutputPortWidth 0000000180010150 f   Klatt1_sfun_registry.obj
 0001:0000f270       _ssGetCallSystemNumFcnCallDestinations 0000000180010270 f   Klatt1_sfun_registry.obj
 0001:0000f2e0       ssWarning                  00000001800102e0 f   Klatt1_sfun_registry.obj
 0001:0000f3f0       ssGetIsZeroCrossControlDisabled 00000001800103f0 f   Klatt1_sfun_registry.obj
 0001:0000f460       ssSetIsInputPortUsedForContZcSignal 0000000180010460 f   Klatt1_sfun_registry.obj
 0001:0000f4d0       ssSetZcSignalIsZcElementDisc 00000001800104d0 f   Klatt1_sfun_registry.obj
 0001:0000f580       ssSetZcSignalName          0000000180010580 f   Klatt1_sfun_registry.obj
 0001:0000f5f0       ssSetZcSignalWidth         00000001800105f0 f   Klatt1_sfun_registry.obj
 0001:0000f660       ssSetZcSignalZcEventType   0000000180010660 f   Klatt1_sfun_registry.obj
 0001:0000f6d0       ssSetZcSignalType          00000001800106d0 f   Klatt1_sfun_registry.obj
 0001:0000f740       ssSetZcSignalZcTol         0000000180010740 f   Klatt1_sfun_registry.obj
 0001:0000f7b0       ssSetZcSignalNeedsEventNotification 00000001800107b0 f   Klatt1_sfun_registry.obj
 0001:0000f820       ssCreateAndAddZcSignalInfo 0000000180010820 f   Klatt1_sfun_registry.obj
 0001:0000f890       ssCloneAndAddZcSignalInfo  0000000180010890 f   Klatt1_sfun_registry.obj
 0001:0000f900       ssGetNumZcSignals          0000000180010900 f   Klatt1_sfun_registry.obj
 0001:0000f970       ssGetZcSignalVector        0000000180010970 f   Klatt1_sfun_registry.obj
 0001:0000f9e0       ssGetZcSignalZcEvents      00000001800109e0 f   Klatt1_sfun_registry.obj
 0001:0000fa50       ssGetZcSignalName          0000000180010a50 f   Klatt1_sfun_registry.obj
 0001:0000fac0       ssGetZcSignalWidth         0000000180010ac0 f   Klatt1_sfun_registry.obj
 0001:0000fb30       ssGetZcSignalZcEventType   0000000180010b30 f   Klatt1_sfun_registry.obj
 0001:0000fba0       ssGetZcSignalType          0000000180010ba0 f   Klatt1_sfun_registry.obj
 0001:0000fc10       ssGetZcSignalZcTol         0000000180010c10 f   Klatt1_sfun_registry.obj
 0001:0000fc90       ssGetZcSignalNeedsEventNotification 0000000180010c90 f   Klatt1_sfun_registry.obj
 0001:0000fd00       ssGetZcSignalIsZcElementDisc 0000000180010d00 f   Klatt1_sfun_registry.obj
 0001:0000fda0       ssGetIsInputPortElementContinuous 0000000180010da0 f   Klatt1_sfun_registry.obj
 0001:0000fe40       _ssGetInputPortSignalPtrsFcn 0000000180010e40 f   Klatt1_sfun_registry.obj
 0001:00010100       _ssGetInputPortSignalFcn   0000000180011100 f   Klatt1_sfun_registry.obj
 0001:00010320       _ssSetInputPortDirectFeedThroughFcn 0000000180011320 f   Klatt1_sfun_registry.obj
 0001:00010480       _ssSetInputPortReusableFcn 0000000180011480 f   Klatt1_sfun_registry.obj
 0001:00010570       _ssSetOutputPortReusableFcn 0000000180011570 f   Klatt1_sfun_registry.obj
 0001:00010650       ssGetDTypeIdFromMxArray    0000000180011650 f   Klatt1_sfun_registry.obj
 0001:00010770       ssWriteRTWStr              0000000180011770 f   Klatt1_sfun_registry.obj
 0001:000107d0       ssWriteRTWMxVectParam      00000001800117d0 f   Klatt1_sfun_registry.obj
 0001:00010830       ssWriteRTWMx2dMatParam     0000000180011830 f   Klatt1_sfun_registry.obj
 0001:000108b0       ssWriteRTWNameValuePair    00000001800118b0 f   Klatt1_sfun_registry.obj
 0001:00010da0       ssWriteRTWParameters       0000000180011da0 f   Klatt1_sfun_registry.obj
 0001:000113a0       ssWriteRTWParamSettings    00000001800123a0 f   Klatt1_sfun_registry.obj
 0001:00011a70       ssWriteRTWWorkVect         0000000180012a70 f   Klatt1_sfun_registry.obj
 0001:00011f70       mexFunction                0000000180012f70 f   Klatt1_sfun_registry.obj
 0001:00013bb0       ProcessMexSfunctionEveryCall 0000000180014bb0 f   Klatt1_sfun_registry.obj
 0001:00013d20       Klatt1_initializer         0000000180014d20 f   Klatt1_sfun.obj
 0001:00013d30       Klatt1_terminator          0000000180014d30 f   Klatt1_sfun.obj
 0001:00013d40       sf_Klatt1_method_dispatcher 0000000180014d40 f   Klatt1_sfun.obj
 0001:00013e10       sf_Klatt1_process_check_sum_call 0000000180014e10 f   Klatt1_sfun.obj
 0001:00014270       sf_Klatt1_autoinheritance_info 0000000180015270 f   Klatt1_sfun.obj
 0001:00014520       sf_Klatt1_get_eml_resolved_functions_info 0000000180015520 f   Klatt1_sfun.obj
 0001:00014760       Klatt1_debug_initialize    0000000180015760 f   Klatt1_sfun.obj
 0001:000147d0       Klatt1_register_exported_symbols 00000001800157d0 f   Klatt1_sfun.obj
 0001:000147e0       load_Klatt1_optimization_info 00000001800157e0 f   Klatt1_sfun.obj
 0001:00014830       unload_Klatt1_optimization_info 0000000180015830 f   Klatt1_sfun.obj
 0001:00014900       sf_mex_mx_is_numeric       0000000180015900 f   sfc_mex:sfc_mex.obj
 0001:00014940       strcmp_ignore_ws           0000000180015940 f   sfc_mex:sfc_mex.obj
 0001:00014a80       sf_mex_duplicatearraysafe  0000000180015a80 f   sfc_mex:sfc_mex.obj
 0001:00014be0       sf_set_error_debugger_context_message_fcn 0000000180015be0 f   sfc_mex:sfc_mex.obj
 0001:00014bf0       sf_set_debugger_matlab_error_fcn 0000000180015bf0 f   sfc_mex:sfc_mex.obj
 0001:00014c20       sf_set_error_prefix_string 0000000180015c20 f   sfc_mex:sfc_mex.obj
 0001:00014c50       sf_get_error_prefix_string 0000000180015c50 f   sfc_mex:sfc_mex.obj
 0001:00014c60       sf_mex_enter_parallel_region 0000000180015c60 f   sfc_mex:sfc_mex.obj
 0001:00014c70       sf_mex_exit_parallel_region 0000000180015c70 f   sfc_mex:sfc_mex.obj
 0001:00014c80       sf_get_current_jmp_buf_ptr 0000000180015c80 f   sfc_mex:sfc_mex.obj
 0001:00014c90       sf_set_current_jmp_buf_ptr 0000000180015c90 f   sfc_mex:sfc_mex.obj
 0001:00014ca0       sf_mex_set_halt_simulation 0000000180015ca0 f   sfc_mex:sfc_mex.obj
 0001:00014cb0       sf_mex_get_halt_simulation 0000000180015cb0 f   sfc_mex:sfc_mex.obj
 0001:00014cc0       sf_mex_clear_error_message 0000000180015cc0 f   sfc_mex:sfc_mex.obj
 0001:00014ce0       sf_mex_get_error_message_for_read 0000000180015ce0 f   sfc_mex:sfc_mex.obj
 0001:00014cf0       sf_mex_get_error_message_buffer_length 0000000180015cf0 f   sfc_mex:sfc_mex.obj
 0001:00014dd0       sf_mex_warning_message     0000000180015dd0 f   sfc_mex:sfc_mex.obj
 0001:00014e40       sf_mex_v_errbuf_createf    0000000180015e40 f   sfc_mex:sfc_mex.obj
 0001:00014e50       sf_mex_errbuf_createf      0000000180015e50 f   sfc_mex:sfc_mex.obj
 0001:00014e80       sf_mex_v_errbuf_catf       0000000180015e80 f   sfc_mex:sfc_mex.obj
 0001:00014ec0       sf_mex_errbuf_catf         0000000180015ec0 f   sfc_mex:sfc_mex.obj
 0001:00014f10       sf_mex_errbuf_copy         0000000180015f10 f   sfc_mex:sfc_mex.obj
 0001:00014f20       sf_mex_errbuf_clear        0000000180015f20 f   sfc_mex:sfc_mex.obj
 0001:00014f30       sf_mex_errbuf_isempty      0000000180015f30 f   sfc_mex:sfc_mex.obj
 0001:00015040       sf_mex_set_error_status    0000000180016040 f   sfc_mex:sfc_mex.obj
 0001:00015090       sf_mex_error_direct_call   0000000180016090 f   sfc_mex:sfc_mex.obj
 0001:000150b0       sf_mex_error_message_no_long_jump 00000001800160b0 f   sfc_mex:sfc_mex.obj
 0001:000150d0       sf_mex_long_jump_on_error  00000001800160d0 f   sfc_mex:sfc_mex.obj
 0001:00015100       sf_mex_call_matlab         0000000180016100 f   sfc_mex:sfc_mex.obj
 0001:00015220       sf_mex_check_builtin       0000000180016220 f   sfc_mex:sfc_mex.obj
 0001:00015260       sf_mex_check_builtin_vs    0000000180016260 f   sfc_mex:sfc_mex.obj
 0001:000152c0       sf_mex_check_enum          00000001800162c0 f   sfc_mex:sfc_mex.obj
 0001:000152f0       sf_mex_create_enum         00000001800162f0 f   sfc_mex:sfc_mex.obj
 0001:00015310       sf_mex_get_enum_element    0000000180016310 f   sfc_mex:sfc_mex.obj
 0001:00015320       sf_mex_createcellarray     0000000180016320 f   sfc_mex:sfc_mex.obj
 0001:00015330       sf_mex_setcell             0000000180016330 f   sfc_mex:sfc_mex.obj
 0001:00015340       sf_mex_getcell             0000000180016340 f   sfc_mex:sfc_mex.obj
 0001:00015350       sf_mex_dup                 0000000180016350 f   sfc_mex:sfc_mex.obj
 0001:00015370       sf_mex_assign              0000000180016370 f   sfc_mex:sfc_mex.obj
 0001:000153f0       sf_mex_destroy             00000001800163f0 f   sfc_mex:sfc_mex.obj
 0001:00015420       mx_array_has_fi_type       0000000180016420 f   sfc_mex:sfc_mex.obj
 0001:00015450       sf_mex_convert_from_fi     0000000180016450 f   sfc_mex:sfc_mex.obj
 0001:00015500       sf_mex_convert_to_double   0000000180016500 f   sfc_mex:sfc_mex.obj
 0001:00015620       sf_mex_import_fi_vs        0000000180016620 f   sfc_mex:sfc_mex.obj
 0001:000157e0       sf_matrix_matrix_index_ok  00000001800167e0 f   sfc_mex:sfc_mex.obj
 0001:00015870       sf_vector_vector_index_ok  0000000180016870 f   sfc_mex:sfc_mex.obj
 0001:000158a0       ssGetCurrentInputPortDimensions_wrapper 00000001800168a0 f   sfc_mex:sfc_mex.obj
 0001:000158c0       ssGetCurrentOutputPortDimensions_wrapper 00000001800168c0 f   sfc_mex:sfc_mex.obj
 0001:000158e0       sf_mex_emlrt_context_is_debug_mode 00000001800168e0 f   sfc_mex:sfc_mex.obj
 0001:000158f0       sf_mex_emlrt_context_set_debug_mode 00000001800168f0 f   sfc_mex:sfc_mex.obj
 0001:00015900       sf_mex_emlrtNameCapturePostProcessR2012a 0000000180016900 f   sfc_mex:sfc_mex.obj
 0001:00015970       sf_clear_error_manager_info 0000000180016970 f   sfc_mex:sfc_mex.obj
 0001:000159d0       sf_mex_stop_simulation_abruptly_wo_error 00000001800169d0 f   sfc_mex:sfc_mex.obj
 0001:00015a10       sf_mex_error_message       0000000180016a10 f   sfc_mex:sfc_mex.obj
 0001:00015a70       sf_react_to_error_in_matlab_call 0000000180016a70 f   sfc_mex:sfc_mex.obj
 0001:00015aa0       sf_mex_addfield            0000000180016aa0 f   sfc_mex:sfc_mex.obj
 0001:00015b40       sf_mex_getfield            0000000180016b40 f   sfc_mex:sfc_mex.obj
 0001:00015e40       sf_mex_check_class         0000000180016e40 f   sfc_mex:sfc_mex.obj
 0001:00015ee0       sf_mex_is_real             0000000180016ee0 f   sfc_mex:sfc_mex.obj
 0001:00016350       sf_mex_decode_encoded_mx_struct_array 0000000180017350 f   sfc_mex:sfc_mex.obj
 0001:00016630       sf_mex_lw_bounds_check     0000000180017630 f   sfc_mex:sfc_mex.obj
 0001:00016660       sf_mex_lw_size_eq_check_1d 0000000180017660 f   sfc_mex:sfc_mex.obj
 0001:00016680       sf_mex_lw_size_eq_check_nd 0000000180017680 f   sfc_mex:sfc_mex.obj
 0001:00016860       sf_mex_lw_dim_size_eq_check 0000000180017860 f   sfc_mex:sfc_mex.obj
 0001:00016890       sf_mex_lw_dim_size_geq_check 0000000180017890 f   sfc_mex:sfc_mex.obj
 0001:000168c0       sf_mex_lw_sub_assign_size_check_nd 00000001800178c0 f   sfc_mex:sfc_mex.obj
 0001:00016af0       sf_mex_lw_runtime_error_msgid 0000000180017af0 f   sfc_mex:sfc_mex.obj
 0001:00016be0       sf_mex_lw_matrix_matrix_index_check 0000000180017be0 f   sfc_mex:sfc_mex.obj
 0001:00016c00       sf_mex_lw_vector_vector_index_check 0000000180017c00 f   sfc_mex:sfc_mex.obj
 0001:00016c40       sf_mex_lw_for_loop_vector_check 0000000180017c40 f   sfc_mex:sfc_mex.obj
 0001:00016cc0       sf_mex_lw_non_negative_check 0000000180017cc0 f   sfc_mex:sfc_mex.obj
 0001:00016d00       sf_mex_overflow_error      0000000180017d00 f   sfc_mex:sfc_mex.obj
 0001:00016d10       sf_mex_dividebyzero_error  0000000180017d10 f   sfc_mex:sfc_mex.obj
 0001:00016d20       sf_mex_unsafe_enum_error   0000000180017d20 f   sfc_mex:sfc_mex.obj
 0001:00016d30       sf_emlrtErrHandler         0000000180017d30 f   sfc_mex:sfc_mex.obj
 0001:00016e10       sf_mex_size_one_check      0000000180017e10 f   sfc_mex:sfc_mex.obj
 0001:00016e30       sf_mex_printf              0000000180017e30 f   sfc_mex:sfc_mex.obj
 0001:00017000       sf_mex_check_size          0000000180018000 f   sfc_mex:sfc_mex.obj
 0001:000172d0       sf_mex_check_struct        00000001800182d0 f   sfc_mex:sfc_mex.obj
 0001:00017530       sf_mex_check_struct_vs     0000000180018530 f   sfc_mex:sfc_mex.obj
 0001:000175c0       sf_mex_check_fi            00000001800185c0 f   sfc_mex:sfc_mex.obj
 0001:000176c0       sf_mex_check_fi_vs         00000001800186c0 f   sfc_mex:sfc_mex.obj
 0001:00017760       sf_echo_expression         0000000180018760 f   sfc_mex:sfc_mex.obj
 0001:000177c0       sf_assertion_failed        00000001800187c0 f   sfc_mex:sfc_mex.obj
 0001:00017aa0       sf_mex_evalin              0000000180018aa0 f   sfc_mex:sfc_mex.obj
 0001:00017d10       sf_mex_export              0000000180018d10 f   sfc_mex:sfc_mex.obj
 0001:00017dd0       sf_mex_get_ml_var_no_error 0000000180018dd0 f   sfc_mex:sfc_mex.obj
 0001:00017f70       sf_mex_get_ml_var          0000000180018f70 f   sfc_mex:sfc_mex.obj
 0001:00018410       ml_set_element_value_in_array 0000000180019410 f   sfc_mex:sfc_mex.obj
 0001:00019ae0       sf_mex_call_impl           000000018001aae0 f   sfc_mex:sfc_mex.obj
 0001:0001a010       sf_mex_call_debug          000000018001b010 f   sfc_mex:sfc_mex.obj
 0001:0001a040       sf_mex_call                000000018001b040 f   sfc_mex:sfc_mex.obj
 0001:0001a690       sf_mex_createstruct        000000018001b690 f   sfc_mex:sfc_mex.obj
 0001:0001a780       sf_mex_createstructarray   000000018001b780 f   sfc_mex:sfc_mex.obj
 0001:0001a800       sf_mex_get_mx_datatype_from_sf_datatype 000000018001b800 f   sfc_mex:sfc_mex.obj
 0001:0001ab10       sf_mex_ml_var_sub          000000018001bb10 f   sfc_mex:sfc_mex.obj
 0001:0001ace0       sf_mex_ml_var_subsasgn     000000018001bce0 f   sfc_mex:sfc_mex.obj
 0001:0001b0d0       sf_mex_sub                 000000018001c0d0 f   sfc_mex:sfc_mex.obj
 0001:0001b2d0       sf_mex_subsasgn            000000018001c2d0 f   sfc_mex:sfc_mex.obj
 0001:0001b7b0       sf_mex_create              000000018001c7b0 f   sfc_mex:sfc_mex.obj
 0001:0001c200       sf_mex_import_named        000000018001d200 f   sfc_mex:sfc_mex.obj
 0001:0001c260       sf_mex_import              000000018001d260 f   sfc_mex:sfc_mex.obj
 0001:0001c2b0       sf_mex_import_vs           000000018001d2b0 f   sfc_mex:sfc_mex.obj
 0001:0001c3c0       sf_mex_lower_fixpt_mx_array 000000018001d3c0 f   sfc_mex:sfc_mex.obj
 0001:0001c6b0       sf_send_message_wrapper    000000018001d6b0 f   sfc_mex:sfc_sf.obj
 0001:0001c6e0       sf_receive_message_wrapper 000000018001d6e0 f   sfc_mex:sfc_sf.obj
 0001:0001c720       sf_check_out_message_wrapper 000000018001d720 f   sfc_mex:sfc_sf.obj
 0001:0001c760       sf_check_in_message_wrapper 000000018001d760 f   sfc_mex:sfc_sf.obj
 0001:0001c7a0       sf_no_message_wrapper      000000018001d7a0 f   sfc_mex:sfc_sf.obj
 0001:0001cb30       sim_mode_is_rtw_gen        000000018001db30 f   sfc_mex:sfc_sf.obj
 0001:0001cb60       sim_mode_is_external       000000018001db60 f   sfc_mex:sfc_sf.obj
 0001:0001cb70       sim_mode_is_modelref_sim   000000018001db70 f   sfc_mex:sfc_sf.obj
 0001:0001cb90       mdlInitializeSizes         000000018001db90 f   sfc_mex:sfc_sf.obj
 0001:0001cbb0       mdlInitializeSampleTimes   000000018001dbb0 f   sfc_mex:sfc_sf.obj
 0001:0001cbf0       mdlZeroCrossings           000000018001dbf0 f   sfc_mex:sfc_sf.obj
 0001:0001ccd0       mdlDerivatives             000000018001dcd0 f   sfc_mex:sfc_sf.obj
 0001:0001cd80       mdl_initialize_conditions_processing 000000018001dd80 f   sfc_mex:sfc_sf.obj
 0001:0001cdb0       mdlInitializeConditions    000000018001ddb0 f   sfc_mex:sfc_sf.obj
 0001:0001ce70       mdlGetSimState             000000018001de70 f   sfc_mex:sfc_sf.obj
 0001:0001ce80       mdlSetSimState             000000018001de80 f   sfc_mex:sfc_sf.obj
 0001:0001ce90       mdl_ext_mode_exec_processing 000000018001de90 f   sfc_mex:sfc_sf.obj
 0001:0001ceb0       mdlExtModeExec             000000018001deb0 f   sfc_mex:sfc_sf.obj
 0001:0001d040       mdlTerminate               000000018001e040 f   sfc_mex:sfc_sf.obj
 0001:0001d0b0       mdlRTW                     000000018001e0b0 f   sfc_mex:sfc_sf.obj
 0001:0001d0e0       mdlSetWorkWidths           000000018001e0e0 f   sfc_mex:sfc_sf.obj
 0001:0001d0f0       mdlProcessParameters       000000018001e0f0 f   sfc_mex:sfc_sf.obj
 0001:0001d100       mdl_start_processing       000000018001e100 f   sfc_mex:sfc_sf.obj
 0001:0001d140       mdlStart                   000000018001e140 f   sfc_mex:sfc_sf.obj
 0001:0001d230       mdlEnable                  000000018001e230 f   sfc_mex:sfc_sf.obj
 0001:0001d300       mdlDisable                 000000018001e300 f   sfc_mex:sfc_sf.obj
 0001:0001d3b0       sf_get_chart_instance_ptr  000000018001e3b0 f   sfc_mex:sfc_sf.obj
 0001:0001d3d0       sf_load_rtw_optimization_info 000000018001e3d0 f   sfc_mex:sfc_sf.obj
 0001:0001d4a0       sf_rtw_info_uint_prop      000000018001e4a0 f   sfc_mex:sfc_sf.obj
 0001:0001d5e0       sf_is_chart_inlinable      000000018001e5e0 f   sfc_mex:sfc_sf.obj
 0001:0001d600       sf_mark_output_events_with_multiple_callers 000000018001e600 f   sfc_mex:sfc_sf.obj
 0001:0001d790       sf_mark_chart_reusable_outputs 000000018001e790 f   sfc_mex:sfc_sf.obj
 0001:0001d9f0       sf_mark_chart_expressionable_inputs 000000018001e9f0 f   sfc_mex:sfc_sf.obj
 0001:0001dc50       sf_get_subchart_simstruct  000000018001ec50 f   sfc_mex:sfc_sf.obj
 0001:0001dca0       sf_get_fixpt_data_type_id  000000018001eca0 f   sfc_mex:sfc_sf.obj
 0001:0001dce0       sf_get_enum_data_type_id   000000018001ece0 f   sfc_mex:sfc_sf.obj
 0001:0001dd20       sf_get_param_data_type_id  000000018001ed20 f   sfc_mex:sfc_sf.obj
 0001:0001dd50       sf_mex_listen_for_ctrl_c_force 000000018001ed50 f   sfc_mex:sfc_sf.obj
 0001:0001de60       sf_mex_draw_now            000000018001ee60 f   sfc_mex:sfc_sf.obj
 0001:0001dea0       sf_mex_set_debugger_sim_status_listener_fcn 000000018001eea0 f   sfc_mex:sfc_sf.obj
 0001:0001deb0       sf_mex_listen_for_ctrl_c   000000018001eeb0 f   sfc_mex:sfc_sf.obj
 0001:0001df40       sf_mex_get_sfun_param      000000018001ef40 f   sfc_mex:sfc_sf.obj
 0001:0001df90       sf_get_runtime_param_data  000000018001ef90 f   sfc_mex:sfc_sf.obj
 0001:0001dfd0       sf_call_output_fcn_call    000000018001efd0 f   sfc_mex:sfc_sf.obj
 0001:0001e110       sf_call_output_fcn_enable  000000018001f110 f   sfc_mex:sfc_sf.obj
 0001:0001e1a0       sf_call_output_fcn_disable 000000018001f1a0 f   sfc_mex:sfc_sf.obj
 0001:0001e230       sf_clear_rtw_identifier    000000018001f230 f   sfc_mex:sfc_sf.obj
 0001:0001ea20       sf_set_encoded_dwork_info  000000018001fa20 f   sfc_mex:sfc_sf.obj
 0001:0001ea70       sf_get_dwork_info_from_mat_file 000000018001fa70 f   sfc_mex:sfc_sf.obj
 0001:0001ec30       sf_set_rtw_dwork_info      000000018001fc30 f   sfc_mex:sfc_sf.obj
 0001:0001eda0       mdlOutputs                 000000018001fda0 f   sfc_mex:sfc_sf.obj
 0001:0001ef40       sf_debug_disp              000000018001ff40 f   sfc_debug:sfcdebug.obj
 0001:0001f1a0       sf_debug_data_runtime_size_mismatch_error_check 00000001800201a0 f   sfc_debug:sfcdebug.obj
 0001:0001f240       sf_debug_try_loading_machine 0000000180020240 f   sfc_debug:sfcdebug.obj
 0001:0001f340       sf_debug_reset_current_state_configuration 0000000180020340 f   sfc_debug:sfcdebug.obj
 0001:0001f3d0       sf_debug_store_current_state_configuration 00000001800203d0 f   sfc_debug:sfcdebug.obj
 0001:0001f460       sf_debug_restore_previous_state_configuration 0000000180020460 f   sfc_debug:sfcdebug.obj
 0001:0001f4f0       sf_debug_restore_previous_state_configuration2 00000001800204f0 f   sfc_debug:sfcdebug.obj
 0001:0001f580       sf_debug_get_event_scope   0000000180020580 f   sfc_debug:sfcdebug.obj
 0001:0001f6f0       use_debugger_step_animation 00000001800206f0 f   sfc_debug:sfcdebug.obj
 0001:0001f710       sf_debug_get_script_id     0000000180020710 f   sfc_debug:sfcdebug.obj
 0001:0001f7a0       sf_debug_set_script_translation 00000001800207a0 f   sfc_debug:sfcdebug.obj
 0001:0001f920       sf_debug_extract_message_post_receive_info 0000000180020920 f   sfc_debug:sfcdebug.obj
 0001:0001fa20       sf_debug_get_current_machine_id 0000000180020a20 f   sfc_debug:sfcdebug.obj
 0001:0001fa40       sf_debug_get_current_optional_integer 0000000180020a40 f   sfc_debug:sfcdebug.obj
 0001:0001fa50       sf_debug_get_current_machine_number 0000000180020a50 f   sfc_debug:sfcdebug.obj
 0001:0001fa70       sf_debug_get_current_machine_name 0000000180020a70 f   sfc_debug:sfcdebug.obj
 0001:0001fa90       sf_debug_get_current_chart_id 0000000180020a90 f   sfc_debug:sfcdebug.obj
 0001:0001fae0       sf_debug_get_current_chart_number 0000000180020ae0 f   sfc_debug:sfcdebug.obj
 0001:0001faf0       sf_debug_get_current_instance_number 0000000180020af0 f   sfc_debug:sfcdebug.obj
 0001:0001fb00       sf_debug_get_current_is_minor_time_step 0000000180020b00 f   sfc_debug:sfcdebug.obj
 0001:0001fb80       sf_debug_get_current_object_type 0000000180020b80 f   sfc_debug:sfcdebug.obj
 0001:0001fb90       sf_debug_get_current_instance_handle 0000000180020b90 f   sfc_debug:sfcdebug.obj
 0001:0001fbf0       sf_debug_get_current_event_type 0000000180020bf0 f   sfc_debug:sfcdebug.obj
 0001:0001fc00       sf_debug_get_current_object_id 0000000180020c00 f   sfc_debug:sfcdebug.obj
 0001:0001fc40       sf_debug_get_current_active_event_type 0000000180020c40 f   sfc_debug:sfcdebug.obj
 0001:0001fc50       sf_debug_get_current_active_event_id 0000000180020c50 f   sfc_debug:sfcdebug.obj
 0001:0001fc90       sf_debug_get_current_tag_type 0000000180020c90 f   sfc_debug:sfcdebug.obj
 0001:0001fca0       sf_debug_get_current_simulation_time 0000000180020ca0 f   sfc_debug:sfcdebug.obj
 0001:0001fcb0       sf_debug_get_current_coverage_percentage 0000000180020cb0 f   sfc_debug:sfcdebug.obj
 0001:0001fcc0       sf_debug_current_statement_context 0000000180020cc0 f   sfc_debug:sfcdebug.obj
 0001:0001fd50       sf_debug_get_current_statement_info 0000000180020d50 f   sfc_debug:sfcdebug.obj
 0001:0001fed0       sf_debug_terminate_instance 0000000180020ed0 f   sfc_debug:sfcdebug.obj
 0001:00020210       sf_debug_assertion_failed  0000000180021210 f   sfc_debug:sfcdebug.obj
 0001:000203c0       sf_debug_set_number_of_data_with_change_event_for_machine 00000001800213c0 f   sfc_debug:sfcdebug.obj
 0001:00020400       sf_debug_set_machine_event_thresholds 0000000180021400 f   sfc_debug:sfcdebug.obj
 0001:00020420       sf_debug_set_machine_event_scope 0000000180021420 f   sfc_debug:sfcdebug.obj
 0001:00020460       sf_debug_set_machine_data_thresholds 0000000180021460 f   sfc_debug:sfcdebug.obj
 0001:000204a0       sf_debug_set_machine_data_scope 00000001800214a0 f   sfc_debug:sfcdebug.obj
 0001:00020530       sf_debug_set_machine_data_name 0000000180021530 f   sfc_debug:sfcdebug.obj
 0001:000205d0       sf_debug_set_machine_data_size 00000001800215d0 f   sfc_debug:sfcdebug.obj
 0001:00020710       sf_debug_set_machine_data_type 0000000180021710 f   sfc_debug:sfcdebug.obj
 0001:00020880       sf_debug_get_chart_data_number 0000000180021880 f   sfc_debug:sfcdebug.obj
 0001:000208a0       sf_debug_get_chart_event_number 00000001800218a0 f   sfc_debug:sfcdebug.obj
 0001:000208c0       sf_debug_set_chart_state_info 00000001800218c0 f   sfc_debug:sfcdebug.obj
 0001:00020940       sf_debug_set_chart_decomposition 0000000180021940 f   sfc_debug:sfcdebug.obj
 0001:000209b0       sf_debug_set_chart_substate_count 00000001800219b0 f   sfc_debug:sfcdebug.obj
 0001:00020a90       sf_debug_set_chart_substate_index 0000000180021a90 f   sfc_debug:sfcdebug.obj
 0001:00020b00       sf_debug_set_chart_state_substate_count 0000000180021b00 f   sfc_debug:sfcdebug.obj
 0001:00020c10       sf_debug_set_chart_state_substate_index 0000000180021c10 f   sfc_debug:sfcdebug.obj
 0001:00020c90       sf_debug_set_number_of_data_with_change_event_for_chart 0000000180021c90 f   sfc_debug:sfcdebug.obj
 0001:00020d10       sf_debug_set_number_of_states_with_entry_event_for_chart 0000000180021d10 f   sfc_debug:sfcdebug.obj
 0001:00020d80       sf_debug_set_number_of_states_with_exit_event_for_chart 0000000180021d80 f   sfc_debug:sfcdebug.obj
 0001:00020df0       sf_debug_set_chart_disable_implicit_casting 0000000180021df0 f   sfc_debug:sfcdebug.obj
 0001:00020e60       sf_debug_set_chart_event_thresholds 0000000180021e60 f   sfc_debug:sfcdebug.obj
 0001:00020ed0       sf_debug_set_chart_data_compiled_props 0000000180021ed0 f   sfc_debug:sfcdebug.obj
 0001:00021220       sf_debug_set_chart_data_props 0000000180022220 f   sfc_debug:sfcdebug.obj
 0001:00021540       sf_debug_check_fi_license  0000000180022540 f   sfc_debug:sfcdebug.obj
 0001:00021730       sf_debug_symbol_scope_push 0000000180022730 f   sfc_debug:sfcdebug.obj
 0001:00021770       sf_debug_symbol_scope_push_eml 0000000180022770 f   sfc_debug:sfcdebug.obj
 0001:000217c0       sf_debug_symbol_scope_pop  00000001800227c0 f   sfc_debug:sfcdebug.obj
 0001:00021800       sf_debug_symbol_scope_add_importable 0000000180022800 f   sfc_debug:sfcdebug.obj
 0001:00021880       sf_debug_symbol_scope_add  0000000180022880 f   sfc_debug:sfcdebug.obj
 0001:00021900       sf_debug_symbol_scope_add_dyn_importable 0000000180022900 f   sfc_debug:sfcdebug.obj
 0001:000219c0       sf_debug_symbol_scope_add_dyn 00000001800229c0 f   sfc_debug:sfcdebug.obj
 0001:000219f0       sf_debug_symbol_scope_add_eml_importable 00000001800229f0 f   sfc_debug:sfcdebug.obj
 0001:00021a30       sf_debug_symbol_scope_add_eml 0000000180022a30 f   sfc_debug:sfcdebug.obj
 0001:00021a70       sf_debug_symbol_scope_add_eml_dyn_importable 0000000180022a70 f   sfc_debug:sfcdebug.obj
 0001:00021ae0       sf_debug_symbol_scope_add_eml_dyn 0000000180022ae0 f   sfc_debug:sfcdebug.obj
 0001:00021b40       sf_debug_symbol_switch     0000000180022b40 f   sfc_debug:sfcdebug.obj
 0001:00021b60       sf_debug_symbol_scope_add_verbose 0000000180022b60 f   sfc_debug:sfcdebug.obj
 0001:00021c30       sf_debug_set_machine_data_value_ptr 0000000180022c30 f   sfc_debug:sfcdebug.obj
 0001:00021c70       sf_debug_set_instance_data_value_ptr 0000000180022c70 f   sfc_debug:sfcdebug.obj
 0001:00021d30       sf_debug_unset_instance_data_value_ptr 0000000180022d30 f   sfc_debug:sfcdebug.obj
 0001:00021de0       sf_debug_set_chart_event_scope 0000000180022de0 f   sfc_debug:sfcdebug.obj
 0001:00021e60       sf_debug_set_chart_transition_coverage_maps 0000000180022e60 f   sfc_debug:sfcdebug.obj
 0001:00021f70       sf_debug_set_chart_state_coverage_maps 0000000180022f70 f   sfc_debug:sfcdebug.obj
 0001:00022050       sf_debug_set_instance_transition_coverage_weights 0000000180023050 f   sfc_debug:sfcdebug.obj
 0001:000220f0       sf_debug_set_instance_state_coverage_weights 00000001800230f0 f   sfc_debug:sfcdebug.obj
 0001:00022340       sf_debug_unload_machine    0000000180023340 f   sfc_debug:sfcdebug.obj
 0001:00022390       sf_debug_load_machine      0000000180023390 f   sfc_debug:sfcdebug.obj
 0001:00022490       sf_debug_set_active_instance_in_data_dictionary 0000000180023490 f   sfc_debug:sfcdebug.obj
 0001:00022670       sf_debug_set_active_instance 0000000180023670 f   sfc_debug:sfcdebug.obj
 0001:000227b0       sf_debug_chart_visiblity_change 00000001800237b0 f   sfc_debug:sfcdebug.obj
 0001:00022890       sf_debug_select_chart      0000000180023890 f   sfc_debug:sfcdebug.obj
 0001:00022960       sf_debug_set_instance_cv_ids 0000000180023960 f   sfc_debug:sfcdebug.obj
 0001:00022c70       sf_debug_select_charts     0000000180023c70 f   sfc_debug:sfcdebug.obj
 0001:00022db0       sf_debug_initialized       0000000180023db0 f   sfc_debug:sfcdebug.obj
 0001:00022dc0       sf_debug_is_uninterruptible 0000000180023dc0 f   sfc_debug:sfcdebug.obj
 0001:00022df0       sf_debug_initialize_debugger_gui 0000000180023df0 f   sfc_debug:sfcdebug.obj
 0001:000231e0       sf_debug_resume            00000001800241e0 f   sfc_debug:sfcdebug.obj
 0001:00023200       sf_debug_go                0000000180024200 f   sfc_debug:sfcdebug.obj
 0001:00023210       sf_debug_break             0000000180024210 f   sfc_debug:sfcdebug.obj
 0001:00023220       sf_debug_step_over         0000000180024220 f   sfc_debug:sfcdebug.obj
 0001:00023230       sf_debug_step_out          0000000180024230 f   sfc_debug:sfcdebug.obj
 0001:00023240       sf_debug_set_disable_all_breakpoints 0000000180024240 f   sfc_debug:sfcdebug.obj
 0001:00023250       sf_debug_disable_all_breakpoints_and_go 0000000180024250 f   sfc_debug:sfcdebug.obj
 0001:00023260       sf_debug_break_on_chart_entry 0000000180024260 f   sfc_debug:sfcdebug.obj
 0001:00023270       sf_debug_break_on_event_broadcast 0000000180024270 f   sfc_debug:sfcdebug.obj
 0001:00023280       sf_debug_break_on_state_entry 0000000180024280 f   sfc_debug:sfcdebug.obj
 0001:00023290       sf_debug_break_between_times 0000000180024290 f   sfc_debug:sfcdebug.obj
 0001:000232b0       sf_debug_browse_data       00000001800242b0 f   sfc_debug:sfcdebug.obj
 0001:000232d0       sf_debug_watch_data        00000001800242d0 f   sfc_debug:sfcdebug.obj
 0001:000232f0       sf_debug_assign_data       00000001800242f0 f   sfc_debug:sfcdebug.obj
 0001:00023310       sf_debug_whos              0000000180024310 f   sfc_debug:sfcdebug.obj
 0001:00023330       sf_debug_get_consistency_info 0000000180024330 f   sfc_debug:sfcdebug.obj
 0001:00023340       sf_debug_browse_trace      0000000180024340 f   sfc_debug:sfcdebug.obj
 0001:00023350       sf_debug_set_breakpoints   0000000180024350 f   sfc_debug:sfcdebug.obj
 0001:000234b0       sf_debug_set_eml_breakpoints 00000001800244b0 f   sfc_debug:sfcdebug.obj
 0001:00023610       sf_debug_set_script_breakpoints 0000000180024610 f   sfc_debug:sfcdebug.obj
 0001:00023690       sf_debug_add_script_breakpoints 0000000180024690 f   sfc_debug:sfcdebug.obj
 0001:00023700       sf_debug_clear_script_breakpoints 0000000180024700 f   sfc_debug:sfcdebug.obj
 0001:00023770       sf_debug_query_script_breakpoints 0000000180024770 f   sfc_debug:sfcdebug.obj
 0001:00023830       sf_debug_get_eml_script_id 0000000180024830 f   sfc_debug:sfcdebug.obj
 0001:00023880       sf_debug_set_watch         0000000180024880 f   sfc_debug:sfcdebug.obj
 0001:00023ab0       sf_debug_get_instance_handle 0000000180024ab0 f   sfc_debug:sfcdebug.obj
 0001:00023b40       sf_debug_get_active_states 0000000180024b40 f   sfc_debug:sfcdebug.obj
 0001:00023b50       sf_debug_get_animation     0000000180024b50 f   sfc_debug:sfcdebug.obj
 0001:00023b60       sf_debug_set_animation     0000000180024b60 f   sfc_debug:sfcdebug.obj
 0001:00023b70       sf_debug_animate           0000000180024b70 f   sfc_debug:sfcdebug.obj
 0001:00023ba0       sf_debug_cycle_detection_check 0000000180024ba0 f   sfc_debug:sfcdebug.obj
 0001:00023bb0       sf_debug_data_range_check  0000000180024bb0 f   sfc_debug:sfcdebug.obj
 0001:00023bc0       sf_debug_transition_conflict_check 0000000180024bc0 f   sfc_debug:sfcdebug.obj
 0001:00023bd0       sf_debug_state_consistency_check 0000000180024bd0 f   sfc_debug:sfcdebug.obj
 0001:00023be0       sf_debug_data_range_check_enabled 0000000180024be0 f   sfc_debug:sfcdebug.obj
 0001:00023c00       sf_debug_transition_conflict_check_enabled 0000000180024c00 f   sfc_debug:sfcdebug.obj
 0001:00023c20       sf_debug_transition_conflict_check_begin 0000000180024c20 f   sfc_debug:sfcdebug.obj
 0001:00023c40       sf_debug_transition_conflict_check_end 0000000180024c40 f   sfc_debug:sfcdebug.obj
 0001:00023c60       sf_debug_stop_debugging    0000000180024c60 f   sfc_debug:sfcdebug.obj
 0001:00023c90       sf_debug_is_cycle_detected 0000000180024c90 f   sfc_debug:sfcdebug.obj
 0001:00023ca0       sf_debug_is_array_bounds_detected 0000000180024ca0 f   sfc_debug:sfcdebug.obj
 0001:00023cb0       sf_debug_get_state_vectors_data_size 0000000180024cb0 f   sfc_debug:sfcdebug.obj
 0001:00023cf0       sf_debug_get_state_vectors_data 0000000180024cf0 f   sfc_debug:sfcdebug.obj
 0001:00023df0       sf_debug_set_state_vectors_data 0000000180024df0 f   sfc_debug:sfcdebug.obj
 0001:000240b0       sf_debug_get_script_index  00000001800250b0 f   sfc_debug:sfcdebug.obj
 0001:00024240       sf_debug_add_script        0000000180025240 f   sfc_debug:sfcdebug.obj
 0001:000243d0       cv_eval_point              00000001800253d0 f   sfc_debug:sfcdebug.obj
 0001:00024540       cv_eval_testobjective      0000000180025540 f   sfc_debug:sfcdebug.obj
 0001:00024660       sf_debug_cv_init_state     0000000180025660 f   sfc_debug:sfcdebug.obj
 0001:00024780       sf_debug_cv_init_chart     0000000180025780 f   sfc_debug:sfcdebug.obj
 0001:00024860       sf_debug_cv_init_trans     0000000180025860 f   sfc_debug:sfcdebug.obj
 0001:00024960       sf_debug_cv_init_testobjectives 0000000180025960 f   sfc_debug:sfcdebug.obj
 0001:00024b40       cv_eml_init_script         0000000180025b40 f   sfc_debug:sfcdebug.obj
 0001:00024c40       cv_eml_init_fcn            0000000180025c40 f   sfc_debug:sfcdebug.obj
 0001:00024cf0       cv_eml_init_testobjective  0000000180025cf0 f   sfc_debug:sfcdebug.obj
 0001:00024dc0       cv_eml_init_if             0000000180025dc0 f   sfc_debug:sfcdebug.obj
 0001:00024e90       cv_eml_init_for            0000000180025e90 f   sfc_debug:sfcdebug.obj
 0001:00024f50       cv_eml_init_while          0000000180025f50 f   sfc_debug:sfcdebug.obj
 0001:00025010       cv_eml_init_mcdc           0000000180026010 f   sfc_debug:sfcdebug.obj
 0001:00025120       cv_eml_init_switch         0000000180026120 f   sfc_debug:sfcdebug.obj
 0001:00025210       cv_eml_eval                0000000180026210 f   sfc_debug:sfcdebug.obj
 0001:000252f0       sf_debug_bm_is_a_eml_breakpoint 00000001800262f0 f   sfc_debug:sfcdebug.obj
 0001:00025440       sf_debug_temporal_threshold 0000000180026440 f   sfc_debug:sfcdebug.obj
 0001:000257a0       sf_debug_transition_conflict_error 00000001800267a0 f   sfc_debug:sfcdebug.obj
 0001:00025b20       sf_debug_state_inconsistency_error 0000000180026b20 f   sfc_debug:sfcdebug.obj
 0001:00025c40       sf_debug_check_for_state_inconsistency 0000000180026c40 f   sfc_debug:sfcdebug.obj
 0001:00025c70       sf_debug_cycle_detecton_error 0000000180026c70 f   sfc_debug:sfcdebug.obj
 0001:00026460       sf_debug_size_eq_check_1d  0000000180027460 f   sfc_debug:sfcdebug.obj
 0001:00026480       sf_debug_size_eq_check_nd  0000000180027480 f   sfc_debug:sfcdebug.obj
 0001:00026660       sf_debug_dim_size_eq_check 0000000180027660 f   sfc_debug:sfcdebug.obj
 0001:00026690       sf_debug_dim_size_geq_check 0000000180027690 f   sfc_debug:sfcdebug.obj
 0001:000266c0       sf_debug_sub_assign_size_check_nd 00000001800276c0 f   sfc_debug:sfcdebug.obj
 0001:00026900       sf_debug_matrix_matrix_index_check 0000000180027900 f   sfc_debug:sfcdebug.obj
 0001:00026930       sf_debug_vector_vector_index_check 0000000180027930 f   sfc_debug:sfcdebug.obj
 0001:00026960       sf_debug_for_loop_vector_check 0000000180027960 f   sfc_debug:sfcdebug.obj
 0001:000269e0       sf_debug_runtime_error_msgid 00000001800279e0 f   sfc_debug:sfcdebug.obj
 0001:00026a70       sf_debug_data_array_bounds_error_check 0000000180027a70 f   sfc_debug:sfcdebug.obj
 0001:00026b80       sf_debug_eml_data_array_bounds_error_check 0000000180027b80 f   sfc_debug:sfcdebug.obj
 0001:00027060       sf_debug_integer_check     0000000180028060 f   sfc_debug:sfcdebug.obj
 0001:00027140       sf_debug_not_nan_check     0000000180028140 f   sfc_debug:sfcdebug.obj
 0001:00027200       sf_debug_non_negative_check 0000000180028200 f   sfc_debug:sfcdebug.obj
 0001:000272c0       sf_debug_overflow_detection 00000001800282c0 f   sfc_debug:sfcdebug.obj
 0001:000279b0       sf_debug_cast_to_real32_T  00000001800289b0 f   sfc_debug:sfcdebug.obj
 0001:00027a70       sf_debug_cast_to_int8_T    0000000180028a70 f   sfc_debug:sfcdebug.obj
 0001:00027b30       sf_debug_cast_to_uint8_T   0000000180028b30 f   sfc_debug:sfcdebug.obj
 0001:00027bf0       sf_debug_cast_to_int16_T   0000000180028bf0 f   sfc_debug:sfcdebug.obj
 0001:00027cb0       sf_debug_cast_to_uint16_T  0000000180028cb0 f   sfc_debug:sfcdebug.obj
 0001:00027d70       sf_debug_cast_to_int32_T   0000000180028d70 f   sfc_debug:sfcdebug.obj
 0001:00027e30       sf_debug_cast_to_uint32_T  0000000180028e30 f   sfc_debug:sfcdebug.obj
 0001:00027ef0       sf_debug_data_range_error  0000000180028ef0 f   sfc_debug:sfcdebug.obj
 0001:00028240       sf_debug_read_before_write_check 0000000180029240 f   sfc_debug:sfcdebug.obj
 0001:00028630       sf_debug_data_range_error_wrapper_min_max 0000000180029630 f   sfc_debug:sfcdebug.obj
 0001:00028720       sf_debug_data_range_error_wrapper_min 0000000180029720 f   sfc_debug:sfcdebug.obj
 0001:00028800       sf_debug_data_range_error_wrapper_max 0000000180029800 f   sfc_debug:sfcdebug.obj
 0001:000288e0       sf_debug_data_range_wrapper 00000001800298e0 f   sfc_debug:sfcdebug.obj
 0001:00028990       sf_debug_set_current_status_info 0000000180029990 f   sfc_debug:sfcdebug.obj
 0001:00028d40       sf_debug_register_message_post_receive_info 0000000180029d40 f   sfc_debug:sfcdebug.obj
 0001:00028fb0       sf_debug_call              0000000180029fb0 f   sfc_debug:sfcdebug.obj
 0001:00029e70       sf_debug_initialize_machine 000000018002ae70 f   sfc_debug:sfcdebug.obj
 0001:0002a180       sf_debug_initialize_chart  000000018002b180 f   sfc_debug:sfcdebug.obj
 0001:0002a660       sf_debug_ensure_script     000000018002b660 f   sfc_debug:sfcdebug.obj
 0001:0002a720       cv_script_init_script      000000018002b720 f   sfc_debug:sfcdebug.obj
 0001:0002a800       cv_script_init_fcn         000000018002b800 f   sfc_debug:sfcdebug.obj
 0001:0002a8b0       cv_script_init_testobjective 000000018002b8b0 f   sfc_debug:sfcdebug.obj
 0001:0002a960       cv_script_init_if          000000018002b960 f   sfc_debug:sfcdebug.obj
 0001:0002aa10       cv_script_init_for         000000018002ba10 f   sfc_debug:sfcdebug.obj
 0001:0002aac0       cv_script_init_while       000000018002bac0 f   sfc_debug:sfcdebug.obj
 0001:0002ab70       cv_script_init_mcdc        000000018002bb70 f   sfc_debug:sfcdebug.obj
 0001:0002ac70       cv_script_init_switch      000000018002bc70 f   sfc_debug:sfcdebug.obj
 0001:0002ad50       cv_script_eval             000000018002bd50 f   sfc_debug:sfcdebug.obj
 0001:0002ae30       eml_debug_line_call        000000018002be30 f   sfc_debug:sfcdebug.obj
 0001:0002afe0       sf_debug_terminate         000000018002bfe0 f   sfc_debug:sfcdebug.obj
 0001:0002b150       sf_debug_set_script_cv_ids 000000018002c150 f   sfc_debug:sfcdebug.obj
 0001:0002b280       sf_debug_api               000000018002c280 f   sfc_debug:sfc_api.obj
 0001:0002ca60       sf_debug_sm_terminate      000000018002da60 f   sfc_debug:sfdb_animation.obj
 0001:0002cc20       sf_debug_reset_path_objects 000000018002dc20 f   sfc_debug:sfdb_animation.obj
 0001:0002cca0       sf_debug_sm_reset_object_selection_status 000000018002dca0 f   sfc_debug:sfdb_animation.obj
 0001:0002cd40       sf_debug_sm_reset_state_buffer 000000018002dd40 f   sfc_debug:sfdb_animation.obj
 0001:0002ce10       sf_debug_sm_store_state_buffer 000000018002de10 f   sfc_debug:sfdb_animation.obj
 0001:0002ce90       sf_debug_sm_restore_state_buffer1 000000018002de90 f   sfc_debug:sfdb_animation.obj
 0001:0002cf00       sf_debug_sm_restore_state_buffer2 000000018002df00 f   sfc_debug:sfdb_animation.obj
 0001:0002cf70       sf_debug_sm_chart_active   000000018002df70 f   sfc_debug:sfdb_animation.obj
 0001:0002cfc0       sf_debug_sm_select_active_objects 000000018002dfc0 f   sfc_debug:sfdb_animation.obj
 0001:0002d470       sf_debug_sm_is_chart_active 000000018002e470 f   sfc_debug:sfdb_animation.obj
 0001:0002d4b0       sf_debug_sm_is_state_active 000000018002e4b0 f   sfc_debug:sfdb_animation.obj
 0001:0002d6f0       sf_debug_sm_get_active_states 000000018002e6f0 f   sfc_debug:sfdb_animation.obj
 0001:0002dcb0       sf_debug_sm_initialize_instance 000000018002ecb0 f   sfc_debug:sfdb_animation.obj
 0001:0002df00       sf_debug_sm_change_object_selection_status 000000018002ef00 f   sfc_debug:sfdb_animation.obj
 0001:0002e1f0       cv_create_interface        000000018002f1f0 f   sfc_debug:cv_sfinterface.obj
 0001:0002e550       cv_init_trans              000000018002f550 f   sfc_debug:cv_sfinterface.obj
 0001:0002e5a0       cv_init_testobjective      000000018002f5a0 f   sfc_debug:cv_sfinterface.obj
 0001:0002e5e0       cv_init_state              000000018002f5e0 f   sfc_debug:cv_sfinterface.obj
 0001:0002e650       cv_init_chart              000000018002f650 f   sfc_debug:cv_sfinterface.obj
 0001:0002e6a0       cv_dec_update_call         000000018002f6a0 f   sfc_debug:cv_sfinterface.obj
 0001:0002e6e0       cv_cond_update_call        000000018002f6e0 f   sfc_debug:cv_sfinterface.obj
 0001:0002e720       cv_testobjective_update_call 000000018002f720 f   sfc_debug:cv_sfinterface.obj
 0001:0002e760       cv_sigrange_update         000000018002f760 f   sfc_debug:cv_sfinterface.obj
 0001:0002e7a0       cvsf_eml_eval              000000018002f7a0 f   sfc_debug:cv_sfinterface.obj
 0001:0002e880       cvsf_eml_init_script       000000018002f880 f   sfc_debug:cv_sfinterface.obj
 0001:0002e900       cvsf_eml_init_fcn          000000018002f900 f   sfc_debug:cv_sfinterface.obj
 0001:0002e960       cvsf_eml_init_testobjective 000000018002f960 f   sfc_debug:cv_sfinterface.obj
 0001:0002e9c0       cvsf_eml_init_if           000000018002f9c0 f   sfc_debug:cv_sfinterface.obj
 0001:0002ea20       cvsf_eml_init_for          000000018002fa20 f   sfc_debug:cv_sfinterface.obj
 0001:0002ea70       cvsf_eml_init_while        000000018002fa70 f   sfc_debug:cv_sfinterface.obj
 0001:0002eac0       cvsf_eml_init_mcdc         000000018002fac0 f   sfc_debug:cv_sfinterface.obj
 0001:0002eb50       cvsf_eml_init_switch       000000018002fb50 f   sfc_debug:cv_sfinterface.obj
 0001:0002ebc0       cvsf_script_eval           000000018002fbc0 f   sfc_debug:cv_sfinterface.obj
 0001:0002eca0       cvsf_script_init_script    000000018002fca0 f   sfc_debug:cv_sfinterface.obj
 0001:0002ed20       cvsf_script_init_fcn       000000018002fd20 f   sfc_debug:cv_sfinterface.obj
 0001:0002ed80       cvsf_script_init_testobjective 000000018002fd80 f   sfc_debug:cv_sfinterface.obj
 0001:0002ede0       cvsf_script_init_if        000000018002fde0 f   sfc_debug:cv_sfinterface.obj
 0001:0002ee40       cvsf_script_init_for       000000018002fe40 f   sfc_debug:cv_sfinterface.obj
 0001:0002ee90       cvsf_script_init_while     000000018002fe90 f   sfc_debug:cv_sfinterface.obj
 0001:0002eee0       cvsf_script_init_mcdc      000000018002fee0 f   sfc_debug:cv_sfinterface.obj
 0001:0002ef70       cvsf_script_init_switch    000000018002ff70 f   sfc_debug:cv_sfinterface.obj
 0001:0002efe0       cv_destroy_interface       000000018002ffe0 f   sfc_debug:cv_sfinterface.obj
 0001:0002f000       cv_create_instance_objects 0000000180030000 f   sfc_debug:cv_sfinterface.obj
 0001:0002f4b0       cv_is_enabled              00000001800304b0 f   sfc_debug:cv_sfinterface.obj
 0001:0002f4c0       sf_debug_cv_initialize_script 00000001800304c0 f   sfc_debug:cv_sfinterface.obj
 0001:0002f670       sf_debug_cv_initialize_instance 0000000180030670 f   sfc_debug:cv_sfinterface.obj
 0001:0002fa10       sf_debug_cv_terminate_chart 0000000180030a10 f   sfc_debug:cv_sfinterface.obj
 0001:0002fb50       cv_call_trans_test         0000000180030b50 f   sfc_debug:cv_sfinterface.obj
 0001:0002fb60       cv_call_sub_cond_test      0000000180030b60 f   sfc_debug:cv_sfinterface.obj
 0001:0002fba0       sf_debug_st_initialize_machine 0000000180030ba0 f   sfc_debug:sfdb_data_browse.obj
 0001:0002fc60       sf_debug_st_initialize_instance 0000000180030c60 f   sfc_debug:sfdb_data_browse.obj
 0001:0002fe90       sf_debug_st_terminate      0000000180030e90 f   sfc_debug:sfdb_data_browse.obj
 0001:00030230       sf_debug_st_set_data_value_ptr_in_machine 0000000180031230 f   sfc_debug:sfdb_data_browse.obj
 0001:000302c0       sf_debug_st_set_data_value_ptr_in_instance 00000001800312c0 f   sfc_debug:sfdb_data_browse.obj
 0001:000303a0       sf_debug_st_unset_data_value_ptr_in_machine 00000001800313a0 f   sfc_debug:sfdb_data_browse.obj
 0001:00030410       sf_debug_st_unset_data_value_ptr_in_instance 0000000180031410 f   sfc_debug:sfdb_data_browse.obj
 0001:00030720       sf_debug_mx_value          0000000180031720 f   sfc_debug:sfdb_data_browse.obj
 0001:00030780       sf_debug_mx_packed_vector  0000000180031780 f   sfc_debug:sfdb_data_browse.obj
 0001:00030860       sf_debug_mx_uint_vector    0000000180031860 f   sfc_debug:sfdb_data_browse.obj
 0001:00030920       sf_debug_st_get_double_value_from_void_ptr_vector 0000000180031920 f   sfc_debug:sfdb_data_browse.obj
 0001:00031410       sf_debug_st_browse_data    0000000180032410 f   sfc_debug:sfdb_data_browse.obj
 0001:00031ca0       sf_debug_hm_initialize_instance 0000000180032ca0 f   sfc_debug:sfdb_handle_management.obj
 0001:00032220       sf_debug_hm_get_object_id  0000000180033220 f   sfc_debug:sfdb_handle_management.obj
 0001:00034190       sf_debug_object_is_eml_function 0000000180035190 f   sfc_debug:sfdb_handle_management.obj
 0001:00034200       sf_debug_hm_initialize_ids_in_machine 0000000180035200 f   sfc_debug:sfdb_handle_management.obj
 0001:00034370       sf_debug_hm_initialize_ids_in_chart 0000000180035370 f   sfc_debug:sfdb_handle_management.obj
 0001:000344b0       sf_debug_hm_initialize_chart 00000001800354b0 f   sfc_debug:sfdb_handle_management.obj
 0001:00034c60       sf_debug_hm_terminate      0000000180035c60 f   sfc_debug:sfdb_handle_management.obj
 0001:00034cc0       sf_debug_hm_initialize_machine 0000000180035cc0 f   sfc_debug:sfdb_handle_management.obj
 0001:00035470       sf_debug_ss_initialize     0000000180036470 f   sfc_debug:sfdb_symbol_scope.obj
 0001:00035490       sf_debug_ss_terminate      0000000180036490 f   sfc_debug:sfdb_symbol_scope.obj
 0001:00035520       sf_debug_ss_push_symbol_scope 0000000180036520 f   sfc_debug:sfdb_symbol_scope.obj
 0001:00035620       sf_debug_ss_push_symbol_scope_eml 0000000180036620 f   sfc_debug:sfdb_symbol_scope.obj
 0001:00035680       sf_debug_ss_pop_symbol_scope 0000000180036680 f   sfc_debug:sfdb_symbol_scope.obj
 0001:00035730       sf_debug_ss_add_symbol     0000000180036730 f   sfc_debug:sfdb_symbol_scope.obj
 0001:00035890       sf_debug_ss_add_symbol_eml 0000000180036890 f   sfc_debug:sfdb_symbol_scope.obj
 0001:00036570       sf_debug_ss_set_data_value 0000000180037570 f   sfc_debug:sfdb_symbol_scope.obj
 0001:00036a10       sf_debug_ss_watch_data     0000000180037a10 f   sfc_debug:sfdb_symbol_scope.obj
 0001:00036ab0       sf_debug_ss_assign_data    0000000180037ab0 f   sfc_debug:sfdb_symbol_scope.obj
 0001:000374b0       get_data_entry_name        00000001800384b0 f   sfc_debug:sfdb_symbol_scope.obj
 0001:00037500       sf_debug_ss_whos           0000000180038500 f   sfc_debug:sfdb_symbol_scope.obj
 0001:00037c10       sf_debug_cc_initialize_chart 0000000180038c10 f   sfc_debug:sfdb_coverage.obj
 0001:00038600       sf_debug_cc_initialize_instance 0000000180039600 f   sfc_debug:sfdb_coverage.obj
 0001:00039400       sf_debug_cc_terminate      000000018003a400 f   sfc_debug:sfdb_coverage.obj
 0001:000394f0       sf_debug_cc_set_transition_maps 000000018003a4f0 f   sfc_debug:sfdb_coverage.obj
 0001:00039620       sf_debug_cc_set_state_maps 000000018003a620 f   sfc_debug:sfdb_coverage.obj
 0001:00039700       sf_debug_cc_set_transition_weights 000000018003a700 f   sfc_debug:sfdb_coverage.obj
 0001:000399d0       sf_debug_cc_set_state_weights 000000018003a9d0 f   sfc_debug:sfdb_coverage.obj
 0001:00039ca0       sf_debug_cc_mark_transition_guard 000000018003aca0 f   sfc_debug:sfdb_coverage.obj
 0001:00039d30       sf_debug_cc_mark_transition_trigger 000000018003ad30 f   sfc_debug:sfdb_coverage.obj
 0001:00039dc0       sf_debug_cc_mark_transition_decision 000000018003adc0 f   sfc_debug:sfdb_coverage.obj
 0001:00039e30       sf_debug_cc_mark_transition_condition_action 000000018003ae30 f   sfc_debug:sfdb_coverage.obj
 0001:00039e80       sf_debug_cc_mark_transition_transition_action 000000018003ae80 f   sfc_debug:sfdb_coverage.obj
 0001:00039ed0       sf_debug_cc_mark_state_entry 000000018003aed0 f   sfc_debug:sfdb_coverage.obj
 0001:00039f20       sf_debug_cc_mark_state_during 000000018003af20 f   sfc_debug:sfdb_coverage.obj
 0001:00039f70       sf_debug_cc_mark_state_exit 000000018003af70 f   sfc_debug:sfdb_coverage.obj
 0001:00039fc0       sf_debug_bm_clear_script_breakpoints 000000018003afc0 f   sfc_debug:sfdb_breakpoints.obj
 0001:00039ff0       sf_debug_bm_set_script_breakpoint 000000018003aff0 f   sfc_debug:sfdb_breakpoints.obj
 0001:0003a070       sf_debug_bm_clear_single_script_breakpoint 000000018003b070 f   sfc_debug:sfdb_breakpoints.obj
 0001:0003a0f0       sf_debug_bm_query_script_breakpoint 000000018003b0f0 f   sfc_debug:sfdb_breakpoints.obj
 0001:0003a140       sf_debug_bm_initialize_scripts 000000018003b140 f   sfc_debug:sfdb_breakpoints.obj
 0001:0003a860       sf_debug_bm_terminate      000000018003b860 f   sfc_debug:sfdb_breakpoints.obj
 0001:0003ab50       sf_debug_bm_remove_all_breakpoints_in_machine 000000018003bb50 f   sfc_debug:sfdb_breakpoints.obj
 0001:0003abc0       sf_debug_bm_remove_all_breakpoints_in_chart 000000018003bbc0 f   sfc_debug:sfdb_breakpoints.obj
 0001:0003ad10       sf_debug_bm_initialize_global_breakpoints 000000018003bd10 f   sfc_debug:sfdb_breakpoints.obj
 0001:0003ae90       sf_debug_bm_set_breakpoint 000000018003be90 f   sfc_debug:sfdb_breakpoints.obj
 0001:0003b4c0       sf_debug_bm_set_eml_breakpoint 000000018003c4c0 f   sfc_debug:sfdb_breakpoints.obj
 0001:0003b560       sf_debug_bm_initialize_machine_breakpoint_map 000000018003c560 f   sfc_debug:sfdb_breakpoints.obj
 0001:0003b980       sf_debug_bm_is_a_breakpoint 000000018003c980 f   sfc_debug:sfdb_breakpoints.obj
 0001:0003bea0       sf_debug_bm_get_all_breakpoints_in_machine 000000018003cea0 f   sfc_debug:sfdb_breakpoints.obj
 0001:0003c1a0       sf_debug_bm_get_all_breakpoints_in_chart 000000018003d1a0 f   sfc_debug:sfdb_breakpoints.obj
 0001:0003ce60       sf_debug_bm_initialize_machine 000000018003de60 f   sfc_debug:sfdb_breakpoints.obj
 0001:0003cf30       sf_debug_bm_initialize_chart 000000018003df30 f   sfc_debug:sfdb_breakpoints.obj
 0001:0003d350       sf_debug_sc_terminate      000000018003e350 f   sfc_debug:sfdb_state_consistency.obj
 0001:0003d680       sf_debug_sc_is_chart_consistent 000000018003e680 f   sfc_debug:sfdb_state_consistency.obj
 0001:0003d930       sf_debug_sc_get_consistency_error_info 000000018003e930 f   sfc_debug:sfdb_state_consistency.obj
 0001:0003dd80       sf_debug_tm_terminate      000000018003ed80 f   sfc_debug:sfdb_call_stack.obj
 0001:0003de40       sf_debug_tm_push_chart_instance 000000018003ee40 f   sfc_debug:sfdb_call_stack.obj
 0001:0003df90       sf_debug_tm_pop_chart_instance 000000018003ef90 f   sfc_debug:sfdb_call_stack.obj
 0001:0003dff0       sf_debug_tm_push_trace_node 000000018003eff0 f   sfc_debug:sfdb_call_stack.obj
 0001:0003e180       sf_debug_tm_pop_trace_node 000000018003f180 f   sfc_debug:sfdb_call_stack.obj
 0001:0003e200       sf_debug_tm_get_current_global_trace_index 000000018003f200 f   sfc_debug:sfdb_call_stack.obj
 0001:0003e210       sf_debug_tm_get_current_local_trace_index 000000018003f210 f   sfc_debug:sfdb_call_stack.obj
 0001:0003e240       sf_debug_tm_set_cycle_detected_flag 000000018003f240 f   sfc_debug:sfdb_call_stack.obj
 0001:0003e280       sf_debug_tm_set_cycle_started_flag 000000018003f280 f   sfc_debug:sfdb_call_stack.obj
 0001:0003e2c0       sf_debug_tm_get_chart_number_from_stack 000000018003f2c0 f   sfc_debug:sfdb_call_stack.obj
 0001:0003e4c0       sf_debug_tm_browse_trace   000000018003f4c0 f   sfc_debug:sfdb_call_stack.obj
 0001:0003e800       sf_debug_cd_initialize_instance 000000018003f800 f   sfc_debug:sfdb_cycle_detection.obj
 0001:0003eab0       sf_debug_cd_mark_processed_transition_in_instance 000000018003fab0 f   sfc_debug:sfdb_cycle_detection.obj
 0001:0003eb50       sf_debug_cd_checksum_push  000000018003fb50 f   sfc_debug:sfdb_cycle_detection.obj
 0001:0003ee10       sf_debug_cd_checksum_pop   000000018003fe10 f   sfc_debug:sfdb_cycle_detection.obj
 0001:0003ee80       sf_debug_cd_turn_off_cycle_detection 000000018003fe80 f   sfc_debug:sfdb_cycle_detection.obj
 0001:0003eed0       sf_debug_cd_terminate      000000018003fed0 f   sfc_debug:sfdb_cycle_detection.obj
 0001:0003f110       md5_initialize_state       0000000180040110 f   sfc_debug:ckmd5.obj
 0001:0003fb80       md5_update_state           0000000180040b80 f   sfc_debug:ckmd5.obj
 0001:0003fba0       md5_get_hash               0000000180040ba0 f   sfc_debug:ckmd5.obj
 0001:0003fbd0       md5_get_hash_for_a_single_string 0000000180040bd0 f   sfc_debug:ckmd5.obj
 0001:0003fc34       mxGetPr                    0000000180040c34 f   libmx:libmx.dll
 0001:0003fc3a       mxCreateDoubleScalar       0000000180040c3a f   libmx:libmx.dll
 0001:0003fc40       mxCreateDoubleMatrix_730   0000000180040c40 f   libmx:libmx.dll
 0001:0003fc46       mxSetField_730             0000000180040c46 f   libmx:libmx.dll
 0001:0003fc4c       mxCreateString             0000000180040c4c f   libmx:libmx.dll
 0001:0003fc52       mxCreateStructMatrix_730   0000000180040c52 f   libmx:libmx.dll
 0001:0003fc58       mxDestroyArray             0000000180040c58 f   libmx:libmx.dll
 0001:0003fc5e       mxDuplicateArray           0000000180040c5e f   libmx:libmx.dll
 0001:0003fc64       mxGetString_730            0000000180040c64 f   libmx:libmx.dll
 0001:0003fc6a       mxIsChar                   0000000180040c6a f   libmx:libmx.dll
 0001:0003fc70       mxGetClassID               0000000180040c70 f   libmx:libmx.dll
 0001:0003fc76       mxIsNumeric                0000000180040c76 f   libmx:libmx.dll
 0001:0003fc7c       mxIsComplex                0000000180040c7c f   libmx:libmx.dll
 0001:0003fc82       mxGetN                     0000000180040c82 f   libmx:libmx.dll
 0001:0003fc88       mxGetM                     0000000180040c88 f   libmx:libmx.dll
 0001:0003fc8e       mxCalloc                   0000000180040c8e f   libmx:libmx.dll
 0001:0003fc94       mxGetScalar                0000000180040c94 f   libmx:libmx.dll
 0001:0003fc9a       mxIsLogical                0000000180040c9a f   libmx:libmx.dll
 0001:0003fca0       mxCreateDoubleMatrix_700   0000000180040ca0 f   libmx:libmx.dll
 0001:0003fca6       mxFree                     0000000180040ca6 f   libmx:libmx.dll
 0001:0003fcac       mxArrayToString            0000000180040cac f   libmx:libmx.dll
 0001:0003fcb2       mxCreateCellMatrix_700     0000000180040cb2 f   libmx:libmx.dll
 0001:0003fcb8       mxSetCell_700              0000000180040cb8 f   libmx:libmx.dll
 0001:0003fcbe       mxGetCell_700              0000000180040cbe f   libmx:libmx.dll
 0001:0003fcc4       mxGetClassName             0000000180040cc4 f   libmx:libmx.dll
 0001:0003fcca       mxSetField_700             0000000180040cca f   libmx:libmx.dll
 0001:0003fcd0       mxAddField                 0000000180040cd0 f   libmx:libmx.dll
 0001:0003fcd6       mxGetField_700             0000000180040cd6 f   libmx:libmx.dll
 0001:0003fcdc       mxGetNumberOfElements      0000000180040cdc f   libmx:libmx.dll
 0001:0003fce2       mxIsStruct                 0000000180040ce2 f   libmx:libmx.dll
 0001:0003fce8       mxIsA                      0000000180040ce8 f   libmx:libmx.dll
 0001:0003fcee       mxIsClass                  0000000180040cee f   libmx:libmx.dll
 0001:0003fcf4       mxGetLogicals              0000000180040cf4 f   libmx:libmx.dll
 0001:0003fcfa       mxIsSparse                 0000000180040cfa f   libmx:libmx.dll
 0001:0003fd00       mxSetFieldByNumber_700     0000000180040d00 f   libmx:libmx.dll
 0001:0003fd06       mxGetFieldByNumber_700     0000000180040d06 f   libmx:libmx.dll
 0001:0003fd0c       mxGetFieldNameByNumber     0000000180040d0c f   libmx:libmx.dll
 0001:0003fd12       mxGetNumberOfFields        0000000180040d12 f   libmx:libmx.dll
 0001:0003fd18       mxCreateStructMatrix_700   0000000180040d18 f   libmx:libmx.dll
 0001:0003fd1e       mxGetFieldNumber           0000000180040d1e f   libmx:libmx.dll
 0001:0003fd24       mxIsNaN                    0000000180040d24 f   libmx:libmx.dll
 0001:0003fd2a       mxIsEmpty                  0000000180040d2a f   libmx:libmx.dll
 0001:0003fd30       mxGetData                  0000000180040d30 f   libmx:libmx.dll
 0001:0003fd36       mxGetImagData              0000000180040d36 f   libmx:libmx.dll
 0001:0003fd3c       mxArrayClassIDName         0000000180040d3c f   libmx:libmx.dll
 0001:0003fd42       mxCreateNumericMatrix_700  0000000180040d42 f   libmx:libmx.dll
 0001:0003fd48       mxCreateStructArray_700    0000000180040d48 f   libmx:libmx.dll
 0001:0003fd4e       mxCalcSingleSubscript_700  0000000180040d4e f   libmx:libmx.dll
 0001:0003fd54       mxGetDimensions_700        0000000180040d54 f   libmx:libmx.dll
 0001:0003fd5a       mxGetNumberOfDimensions_700 0000000180040d5a f   libmx:libmx.dll
 0001:0003fd60       mxCreateNumericArray_700   0000000180040d60 f   libmx:libmx.dll
 0001:0003fd66       mxGetElementSize           0000000180040d66 f   libmx:libmx.dll
 0001:0003fd6c       mxCreateStringFromNChars_700 0000000180040d6c f   libmx:libmx.dll
 0001:0003fd72       mxGetString_700            0000000180040d72 f   libmx:libmx.dll
 0001:0003fd78       mxIsLogicalScalarTrue      0000000180040d78 f   libmx:libmx.dll
 0001:0003fd7e       mxCreateLogicalScalar      0000000180040d7e f   libmx:libmx.dll
 0001:0003fd84       mexUnlock                  0000000180040d84 f   libmex:libmex.dll
 0001:0003fd8a       mexIsLocked                0000000180040d8a f   libmex:libmex.dll
 0001:0003fd90       mexWarnMsgTxt              0000000180040d90 f   libmex:libmex.dll
 0001:0003fd96       mexCallMATLAB              0000000180040d96 f   libmex:libmex.dll
 0001:0003fd9c       mexErrMsgTxt               0000000180040d9c f   libmex:libmex.dll
 0001:0003fda2       mexMakeArrayPersistent     0000000180040da2 f   libmex:libmex.dll
 0001:0003fda8       mexSetTrapFlag             0000000180040da8 f   libmex:libmex.dll
 0001:0003fdae       mexPutVariable             0000000180040dae f   libmex:libmex.dll
 0001:0003fdb4       mexGetVariable             0000000180040db4 f   libmex:libmex.dll
 0001:0003fdba       mexLock                    0000000180040dba f   libmex:libmex.dll
 0001:0003fdc0       mexMakeMemoryPersistent    0000000180040dc0 f   libmex:libmex.dll
 0001:0003fdc6       mexFunctionName            0000000180040dc6 f   libmex:libmex.dll
 0001:0003fdcc       ssRegisterDataTypeFxpFSlopeFixExpBias 0000000180040dcc f   libfixedpoint:libfixedpoint.dll
 0001:0003fdd2       utVSNprintf                0000000180040dd2 f   libut:libut.dll
 0001:0003fdd8       utCPUtime                  0000000180040dd8 f   libut:libut.dll
 0001:0003fdde       utFree                     0000000180040dde f   libut:libut.dll
 0001:0003fde4       utMalloc                   0000000180040de4 f   libut:libut.dll
 0001:0003fdea       muDoubleScalarExp          0000000180040dea f   libmwmathutil:libmwmathutil.dll
 0001:0003fdf0       muDoubleScalarCos          0000000180040df0 f   libmwmathutil:libmwmathutil.dll
 0001:0003fdf6       emlrtCheckBuiltInCtxR2011a 0000000180040df6 f   libemlrt:libemlrt.dll
 0001:0003fdfc       emlrtCheckVsBuiltInCtxR2011a 0000000180040dfc f   libemlrt:libemlrt.dll
 0001:0003fe02       emlrtCheckEnumR2009a       0000000180040e02 f   libemlrt:libemlrt.dll
 0001:0003fe08       emlrtCreateEnumR2010a      0000000180040e08 f   libemlrt:libemlrt.dll
 0001:0003fe0e       emlrtGetEnumElementR2009a  0000000180040e0e f   libemlrt:libemlrt.dll
 0001:0003fe14       emlrtCreateReference       0000000180040e14 f   libemlrt:libemlrt.dll
 0001:0003fe1a       emlrtImportVsFiArrayR2009b 0000000180040e1a f   libemlrt:libemlrt.dll
 0001:0003fe20       emlrtNameCapturePostProcessR2012a 0000000180040e20 f   libemlrt:libemlrt.dll
 0001:0003fe26       emlrtExtractMessageId      0000000180040e26 f   libemlrt:libemlrt.dll
 0001:0003fe2c       emlrtTranslateMessageIDtoLCPstring 0000000180040e2c f   libemlrt:libemlrt.dll
 0001:0003fe32       emlrtForLoopVectorIsValidR2011b 0000000180040e32 f   libemlrt:libemlrt.dll
 0001:0003fe38       emlrtTranslateUTF16MessagetoLCPstring 0000000180040e38 f   libemlrt:libemlrt.dll
 0001:0003fe3e       emlrtGetEnumUnderlyingArrayR2009a 0000000180040e3e f   libemlrt:libemlrt.dll
 0001:0003fe44       emlrtIsEnumR2009a          0000000180040e44 f   libemlrt:libemlrt.dll
 0001:0003fe4c       __GSHandlerCheckCommon     0000000180040e4c f   MSVCRT:gshandler.obj
 0001:0003feb0       __GSHandlerCheck           0000000180040eb0 f   MSVCRT:gshandler.obj
 0001:0003fece       strlen                     0000000180040ece f   MSVCRT:MSVCR100.dll
 0001:0003fef0       __security_check_cookie    0000000180040ef0 f   MSVCRT:amdsecgs.obj
 0001:0003ff10       memset                     0000000180040f10 f   MSVCRT:MSVCR100.dll
 0001:0003ff16       malloc                     0000000180040f16 f   MSVCRT:MSVCR100.dll
 0001:0003ff1c       free                       0000000180040f1c f   MSVCRT:MSVCR100.dll
 0001:0003ff22       strcmp                     0000000180040f22 f   MSVCRT:MSVCR100.dll
 0001:0003ff28       sprintf                    0000000180040f28 f   MSVCRT:MSVCR100.dll
 0001:0003ff2e       strcat                     0000000180040f2e f   MSVCRT:MSVCR100.dll
 0001:0003ff34       memcpy                     0000000180040f34 f   MSVCRT:MSVCR100.dll
 0001:0003ff3c       NtCurrentTeb               0000000180040f3c f i MSVCRT:crtdll.obj
 0001:0003ffa8       _CRT_INIT                  0000000180040fa8 f   MSVCRT:crtdll.obj
 0001:00040340       _DllMainCRTStartup         0000000180041340 f   MSVCRT:crtdll.obj
 0001:0004037e       strncpy                    000000018004137e f   MSVCRT:MSVCR100.dll
 0001:000403a0       _alloca_probe              00000001800413a0     MSVCRT:chkstk.obj
 0001:000403a0       __chkstk                   00000001800413a0 f   MSVCRT:chkstk.obj
 0001:000403ee       longjmp                    00000001800413ee f   MSVCRT:MSVCR100.dll
 0001:000403f4       strncmp                    00000001800413f4 f   MSVCRT:MSVCR100.dll
 0001:000403fa       ceil                       00000001800413fa f   MSVCRT:MSVCR100.dll
 0001:00040400       strrchr                    0000000180041400 f   MSVCRT:MSVCR100.dll
 0001:00040406       _setjmp                    0000000180041406 f   MSVCRT:MSVCR100.dll
 0001:0004040c       calloc                     000000018004140c f   MSVCRT:MSVCR100.dll
 0001:00040412       realloc                    0000000180041412 f   MSVCRT:MSVCR100.dll
 0001:00040418       ldexp                      0000000180041418 f   MSVCRT:MSVCR100.dll
 0001:00040420       __report_gsfailure         0000000180041420 f   MSVCRT:gs_report.obj
 0001:0004056c       __clean_type_info_names    000000018004156c f   MSVCRT:tncleanup.obj
 0001:00040578       _onexit                    0000000180041578 f   MSVCRT:atonexit.obj
 0001:00040628       atexit                     0000000180041628 f   MSVCRT:atonexit.obj
 0001:00040640       _RTC_Initialize            0000000180041640 f   MSVCRT:_initsect_.obj
 0001:00040678       _RTC_Terminate             0000000180041678 f   MSVCRT:_initsect_.obj
 0001:000406b0       _malloc_crt                00000001800416b0 f   MSVCRT:MSVCR100.dll
 0001:000406c0       _ValidateImageBase         00000001800416c0 f   MSVCRT:pesect.obj
 0001:000406f0       _FindPESection             00000001800416f0 f   MSVCRT:pesect.obj
 0001:00040740       _IsNonwritableInCurrentImage 0000000180041740 f   MSVCRT:pesect.obj
 0001:00040782       _initterm                  0000000180041782 f   MSVCRT:MSVCR100.dll
 0001:00040788       _initterm_e                0000000180041788 f   MSVCRT:MSVCR100.dll
 0001:0004078e       _encoded_null              000000018004178e f   MSVCRT:MSVCR100.dll
 0001:00040794       _amsg_exit                 0000000180041794 f   MSVCRT:MSVCR100.dll
 0001:0004079a       __C_specific_handler       000000018004179a f   MSVCRT:MSVCR100.dll
 0001:000407a0       __CppXcptFilter            00000001800417a0 f   MSVCRT:MSVCR100.dll
 0001:000407a8       DllMain                    00000001800417a8 f   MSVCRT:dllmain.obj
 0001:000407cc       __security_init_cookie     00000001800417cc f   MSVCRT:gs_support.obj
 0001:00040880       __crt_debugger_hook        0000000180041880 f   MSVCRT:MSVCR100.dll
 0001:00040886       __clean_type_info_names_internal 0000000180041886 f   MSVCRT:MSVCR100.dll
 0001:0004088c       _unlock                    000000018004188c f   MSVCRT:MSVCR100.dll
 0001:00040892       __dllonexit                0000000180041892 f   MSVCRT:MSVCR100.dll
 0001:00040898       _lock                      0000000180041898 f   MSVCRT:MSVCR100.dll
 0001:0004089e       EncodePointer              000000018004189e f   kernel32:KERNEL32.dll
 0001:000408a4       DecodePointer              00000001800418a4 f   kernel32:KERNEL32.dll
 0001:000408aa       Sleep                      00000001800418aa f   kernel32:KERNEL32.dll
 0001:000408b0       TerminateProcess           00000001800418b0 f   kernel32:KERNEL32.dll
 0001:000408b6       GetCurrentProcess          00000001800418b6 f   kernel32:KERNEL32.dll
 0001:000408bc       UnhandledExceptionFilter   00000001800418bc f   kernel32:KERNEL32.dll
 0001:000408c2       SetUnhandledExceptionFilter 00000001800418c2 f   kernel32:KERNEL32.dll
 0001:000408c8       IsDebuggerPresent          00000001800418c8 f   kernel32:KERNEL32.dll
 0001:000408ce       RtlVirtualUnwind           00000001800418ce f   kernel32:KERNEL32.dll
 0001:000408d4       RtlLookupFunctionEntry     00000001800418d4 f   kernel32:KERNEL32.dll
 0001:000408da       RtlCaptureContext          00000001800418da f   kernel32:KERNEL32.dll
 0001:000408e0       DisableThreadLibraryCalls  00000001800418e0 f   kernel32:KERNEL32.dll
 0001:000408e6       QueryPerformanceCounter    00000001800418e6 f   kernel32:KERNEL32.dll
 0001:000408ec       GetTickCount               00000001800418ec f   kernel32:KERNEL32.dll
 0001:000408f2       GetCurrentThreadId         00000001800418f2 f   kernel32:KERNEL32.dll
 0001:000408f8       GetCurrentProcessId        00000001800418f8 f   kernel32:KERNEL32.dll
 0001:000408fe       GetSystemTimeAsFileTime    00000001800418fe f   kernel32:KERNEL32.dll
 0002:00000000       __imp_DisableThreadLibraryCalls 0000000180042000     kernel32:KERNEL32.dll
 0002:00000008       __imp_RtlCaptureContext    0000000180042008     kernel32:KERNEL32.dll
 0002:00000010       __imp_RtlLookupFunctionEntry 0000000180042010     kernel32:KERNEL32.dll
 0002:00000018       __imp_RtlVirtualUnwind     0000000180042018     kernel32:KERNEL32.dll
 0002:00000020       __imp_IsDebuggerPresent    0000000180042020     kernel32:KERNEL32.dll
 0002:00000028       __imp_SetUnhandledExceptionFilter 0000000180042028     kernel32:KERNEL32.dll
 0002:00000030       __imp_UnhandledExceptionFilter 0000000180042030     kernel32:KERNEL32.dll
 0002:00000038       __imp_GetCurrentProcess    0000000180042038     kernel32:KERNEL32.dll
 0002:00000040       __imp_TerminateProcess     0000000180042040     kernel32:KERNEL32.dll
 0002:00000048       __imp_Sleep                0000000180042048     kernel32:KERNEL32.dll
 0002:00000050       __imp_DecodePointer        0000000180042050     kernel32:KERNEL32.dll
 0002:00000058       __imp_EncodePointer        0000000180042058     kernel32:KERNEL32.dll
 0002:00000060       __imp_GetTickCount         0000000180042060     kernel32:KERNEL32.dll
 0002:00000068       __imp_GetCurrentThreadId   0000000180042068     kernel32:KERNEL32.dll
 0002:00000070       __imp_GetCurrentProcessId  0000000180042070     kernel32:KERNEL32.dll
 0002:00000078       __imp_GetSystemTimeAsFileTime 0000000180042078     kernel32:KERNEL32.dll
 0002:00000080       __imp_QueryPerformanceCounter 0000000180042080     kernel32:KERNEL32.dll
 0002:00000088       \177KERNEL32_NULL_THUNK_DATA 0000000180042088     kernel32:KERNEL32.dll
 0002:00000090       __imp_realloc              0000000180042090     MSVCRT:MSVCR100.dll
 0002:00000098       __imp__onexit              0000000180042098     MSVCRT:MSVCR100.dll
 0002:000000a0       __imp__lock                00000001800420a0     MSVCRT:MSVCR100.dll
 0002:000000a8       __imp___dllonexit          00000001800420a8     MSVCRT:MSVCR100.dll
 0002:000000b0       __imp__unlock              00000001800420b0     MSVCRT:MSVCR100.dll
 0002:000000b8       __imp___clean_type_info_names_internal 00000001800420b8     MSVCRT:MSVCR100.dll
 0002:000000c0       __imp___crt_debugger_hook  00000001800420c0     MSVCRT:MSVCR100.dll
 0002:000000c8       __imp___CppXcptFilter      00000001800420c8     MSVCRT:MSVCR100.dll
 0002:000000d0       __imp___C_specific_handler 00000001800420d0     MSVCRT:MSVCR100.dll
 0002:000000d8       __imp__amsg_exit           00000001800420d8     MSVCRT:MSVCR100.dll
 0002:000000e0       __imp__encoded_null        00000001800420e0     MSVCRT:MSVCR100.dll
 0002:000000e8       __imp__initterm_e          00000001800420e8     MSVCRT:MSVCR100.dll
 0002:000000f0       __imp__initterm            00000001800420f0     MSVCRT:MSVCR100.dll
 0002:000000f8       __imp__malloc_crt          00000001800420f8     MSVCRT:MSVCR100.dll
 0002:00000100       __imp_ldexp                0000000180042100     MSVCRT:MSVCR100.dll
 0002:00000108       __imp_strlen               0000000180042108     MSVCRT:MSVCR100.dll
 0002:00000110       __imp_calloc               0000000180042110     MSVCRT:MSVCR100.dll
 0002:00000118       __imp__setjmp              0000000180042118     MSVCRT:MSVCR100.dll
 0002:00000120       __imp_strrchr              0000000180042120     MSVCRT:MSVCR100.dll
 0002:00000128       __imp_ceil                 0000000180042128     MSVCRT:MSVCR100.dll
 0002:00000130       __imp_strncmp              0000000180042130     MSVCRT:MSVCR100.dll
 0002:00000138       __imp_longjmp              0000000180042138     MSVCRT:MSVCR100.dll
 0002:00000140       __imp_strncpy              0000000180042140     MSVCRT:MSVCR100.dll
 0002:00000148       __imp_memcpy               0000000180042148     MSVCRT:MSVCR100.dll
 0002:00000150       __imp_strcat               0000000180042150     MSVCRT:MSVCR100.dll
 0002:00000158       __imp_sprintf              0000000180042158     MSVCRT:MSVCR100.dll
 0002:00000160       __imp_strcmp               0000000180042160     MSVCRT:MSVCR100.dll
 0002:00000168       __imp_free                 0000000180042168     MSVCRT:MSVCR100.dll
 0002:00000170       __imp_malloc               0000000180042170     MSVCRT:MSVCR100.dll
 0002:00000178       __imp_memset               0000000180042178     MSVCRT:MSVCR100.dll
 0002:00000180       \177MSVCR100_NULL_THUNK_DATA 0000000180042180     MSVCRT:MSVCR100.dll
 0002:00000188       __imp_emlrtCheckVsBuiltInCtxR2011a 0000000180042188     libemlrt:libemlrt.dll
 0002:00000190       __imp_emlrtIsEnumR2009a    0000000180042190     libemlrt:libemlrt.dll
 0002:00000198       __imp_emlrtGetEnumUnderlyingArrayR2009a 0000000180042198     libemlrt:libemlrt.dll
 0002:000001a0       __imp_emlrtTranslateUTF16MessagetoLCPstring 00000001800421a0     libemlrt:libemlrt.dll
 0002:000001a8       __imp_emlrtForLoopVectorIsValidR2011b 00000001800421a8     libemlrt:libemlrt.dll
 0002:000001b0       __imp_emlrtTranslateMessageIDtoLCPstring 00000001800421b0     libemlrt:libemlrt.dll
 0002:000001b8       __imp_emlrtExtractMessageId 00000001800421b8     libemlrt:libemlrt.dll
 0002:000001c0       __imp_emlrtCheckBuiltInCtxR2011a 00000001800421c0     libemlrt:libemlrt.dll
 0002:000001c8       __imp_emlrtCheckEnumR2009a 00000001800421c8     libemlrt:libemlrt.dll
 0002:000001d0       __imp_emlrtCreateEnumR2010a 00000001800421d0     libemlrt:libemlrt.dll
 0002:000001d8       __imp_emlrtGetEnumElementR2009a 00000001800421d8     libemlrt:libemlrt.dll
 0002:000001e0       __imp_emlrtCreateReference 00000001800421e0     libemlrt:libemlrt.dll
 0002:000001e8       __imp_emlrtImportVsFiArrayR2009b 00000001800421e8     libemlrt:libemlrt.dll
 0002:000001f0       __imp_emlrtNameCapturePostProcessR2012a 00000001800421f0     libemlrt:libemlrt.dll
 0002:000001f8       \177libemlrt_NULL_THUNK_DATA 00000001800421f8     libemlrt:libemlrt.dll
 0002:00000200       __imp_ssRegisterDataTypeFxpFSlopeFixExpBias 0000000180042200     libfixedpoint:libfixedpoint.dll
 0002:00000208       \177libfixedpoint_NULL_THUNK_DATA 0000000180042208     libfixedpoint:libfixedpoint.dll
 0002:00000210       __imp_mexMakeMemoryPersistent 0000000180042210     libmex:libmex.dll
 0002:00000218       __imp_mexFunctionName      0000000180042218     libmex:libmex.dll
 0002:00000220       __imp_mexSetTrapFlag       0000000180042220     libmex:libmex.dll
 0002:00000228       __imp_mexLock              0000000180042228     libmex:libmex.dll
 0002:00000230       __imp_mexGetVariable       0000000180042230     libmex:libmex.dll
 0002:00000238       __imp_mexPutVariable       0000000180042238     libmex:libmex.dll
 0002:00000240       __imp_mexMakeArrayPersistent 0000000180042240     libmex:libmex.dll
 0002:00000248       __imp_mexErrMsgTxt         0000000180042248     libmex:libmex.dll
 0002:00000250       __imp_mexCallMATLAB        0000000180042250     libmex:libmex.dll
 0002:00000258       __imp_mexWarnMsgTxt        0000000180042258     libmex:libmex.dll
 0002:00000260       __imp_mexIsLocked          0000000180042260     libmex:libmex.dll
 0002:00000268       __imp_mexUnlock            0000000180042268     libmex:libmex.dll
 0002:00000270       \177libmex_NULL_THUNK_DATA 0000000180042270     libmex:libmex.dll
 0002:00000278       __imp_muDoubleScalarExp    0000000180042278     libmwmathutil:libmwmathutil.dll
[...]
 0001:00017fb0       sf_numeric_value_to_double 0000000180018fb0 f   sfc_mex:sfc_mex.obj
 0001:00018000       ml_generic_out_of_bounds_check 0000000180019000 f   sfc_mex:sfc_mex.obj
 0001:000181d0       ml_get_element_value_from_array 00000001800191d0 f   sfc_mex:sfc_mex.obj
 0001:00018570       _ml_generic_castability_check 0000000180019570 f   sfc_mex:sfc_mex.obj
 0001:000192d0       ml_generic_castability_check 000000018001a2d0 f   sfc_mex:sfc_mex.obj
 0001:00019370       ml_check_mx_array_for_single_castability 000000018001a370 f   sfc_mex:sfc_mex.obj
 0001:00019410       ml_check_mx_array_for_logical_castability 000000018001a410 f   sfc_mex:sfc_mex.obj
 0001:000194b0       ml_check_mx_array_for_int8_castability 000000018001a4b0 f   sfc_mex:sfc_mex.obj
 0001:00019560       ml_check_mx_array_for_uint8_castability 000000018001a560 f   sfc_mex:sfc_mex.obj
 0001:000195c0       ml_check_mx_array_for_int16_castability 000000018001a5c0 f   sfc_mex:sfc_mex.obj
 0001:00019620       ml_check_mx_array_for_uint16_castability 000000018001a620 f   sfc_mex:sfc_mex.obj
 0001:00019680       ml_check_mx_array_for_int32_castability 000000018001a680 f   sfc_mex:sfc_mex.obj
 0001:000196e0       ml_check_mx_array_for_uint32_castability 000000018001a6e0 f   sfc_mex:sfc_mex.obj
 0001:00019740       ml_check_mx_array_for_castability 000000018001a740 f   sfc_mex:sfc_mex.obj
 0001:0001a070       set_data_value             000000018001b070 f   sfc_mex:sfc_mex.obj
 0001:0001a3e0       get_data_value             000000018001b3e0 f   sfc_mex:sfc_mex.obj
 0001:0001a4f0       get_next_element_address   000000018001b4f0 f   sfc_mex:sfc_mex.obj
 0001:0001a5c0       sf_normalize_index         000000018001b5c0 f   sfc_mex:sfc_mex.obj
 0001:0001a950       ml_array_index_bound_check 000000018001b950 f   sfc_mex:sfc_mex.obj
 0001:0001b470       mx_value                   000000018001c470 f   sfc_mex:sfc_mex.obj
 0001:0001b4c0       sf_create_numeric_array    000000018001c4c0 f   sfc_mex:sfc_mex.obj
 0001:0001b560       sf_mex_assign_to_mx_array  000000018001c560 f   sfc_mex:sfc_mex.obj
 0001:0001b8b0       assign_from_mx_array       000000018001c8b0 f   sfc_mex:sfc_mex.obj
 0001:0001c0e0       sf_mex_import_v            000000018001d0e0 f   sfc_mex:sfc_mex.obj
 0001:0001c7e0       get_machine_and_chart_file_number 000000018001d7e0 f   sfc_mex:sfc_sf.obj
 0001:0001c8d0       get_sfun_block_specialization 000000018001d8d0 f   sfc_mex:sfc_sf.obj
 0001:0001c980       call_sf_machine_global_method_dispatcher 000000018001d980 f   sfc_mex:sfc_sf.obj
 0001:0001cbd0       mdl_zeroCrossings_processing 000000018001dbd0 f   sfc_mex:sfc_sf.obj
 0001:0001cca0       mdl_derivatives_processing 000000018001dca0 f   sfc_mex:sfc_sf.obj
 0001:0001cf60       mdl_outputs_continuous_legacy 000000018001df60 f   sfc_mex:sfc_sf.obj
 0001:0001cfe0       mdl_outputs_processing     000000018001dfe0 f   sfc_mex:sfc_sf.obj
 0001:0001d210       mdl_enable_processing      000000018001e210 f   sfc_mex:sfc_sf.obj
 0001:0001d2e0       mdl_disable_processing     000000018001e2e0 f   sfc_mex:sfc_sf.obj
 0001:0001e050       sf_call_output_fcn_enable_disable 000000018001f050 f   sfc_mex:sfc_sf.obj
 0001:0001e2d0       set_dwork_information_from_mx_array 000000018001f2d0 f   sfc_mex:sfc_sf.obj
 0001:0001eb90       ptr2mxStruct               000000018001fb90 f   sfc_mex:sfc_sf.obj
 0001:0001eea0       SNPRINTF_WRAPPER           000000018001fea0 f   sfc_debug:sfcdebug.obj
 0001:0001eec0       sf_debug_chart_instance_initialized_quick 000000018001fec0 f   sfc_debug:sfcdebug.obj
 0001:0001eed0       sf_debug_chart_instance_initialized 000000018001fed0 f   sfc_debug:sfcdebug.obj
 0001:0001f070       sfrtAddSize                0000000180020070 f   sfc_debug:sfcdebug.obj
 0001:0001f130       sfrtGenSizeString          0000000180020130 f   sfc_debug:sfcdebug.obj
 0001:0001f840       fill_single_message_info   0000000180020840 f   sfc_debug:sfcdebug.obj
 0001:0001fa00       sf_debug_sim_status_listener 0000000180020a00 f   sfc_debug:sfcdebug.obj
 0001:0001ff70       sf_debug_form_mask_bits    0000000180020f70 f   sfc_debug:sfcdebug.obj
 0001:0001ffb0       sf_debug_form_sf_data_type_offsets 0000000180020fb0 f   sfc_debug:sfcdebug.obj
 0001:00020070       sf_debug_free_all          0000000180021070 f   sfc_debug:sfcdebug.obj
 0001:00020220       sf_debug_append_debugger_context 0000000180021220 f   sfc_debug:sfcdebug.obj
 0001:000204e0       local_strdup               00000001800214e0 f   sfc_debug:sfcdebug.obj
 0001:000213c0       sf_debug_em_terminate      00000001800223c0 f   sfc_debug:sfcdebug.obj
 0001:00021400       sf_debug_push_eml_function 0000000180022400 f   sfc_debug:sfcdebug.obj
 0001:000214a0       sf_debug_pop_eml_function  00000001800224a0 f   sfc_debug:sfcdebug.obj
 0001:000221a0       sf_debug_get_machine_number_from_id_or_name 00000001800231a0 f   sfc_debug:sfcdebug.obj
 0001:000222f0       sf_debug_get_chart_number_from_id 00000001800232f0 f   sfc_debug:sfcdebug.obj
 0001:00022f60       sf_debug_transfer_control_to_debugger_GUI 0000000180023f60 f   sfc_debug:sfcdebug.obj
 0001:00023ef0       sf_debug_scripts_rehash    0000000180024ef0 f   sfc_debug:sfcdebug.obj
 0001:00024130       sf_debug_get_script_line_count 0000000180025130 f   sfc_debug:sfcdebug.obj
 0001:00024a60       cv_eml_state_cvId          0000000180025a60 f   sfc_debug:sfcdebug.obj
 0001:00024ad0       cv_eml_trans_cvId          0000000180025ad0 f   sfc_debug:sfcdebug.obj
 0001:00025d90       sf_debug_data_array_bounds_error 0000000180026d90 f   sfc_debug:sfcdebug.obj
 0001:000261c0       eml_debug_runtime_error_doclink 00000001800271c0 f   sfc_debug:sfcdebug.obj
 0001:00026340       sf_debug_runtime_error     0000000180027340 f   sfc_debug:sfcdebug.obj
 0001:000263b0       sf_debug_matlab_error      00000001800273b0 f   sfc_debug:sfcdebug.obj
 0001:00026ce0       sf_debug_data_value_error  0000000180027ce0 f   sfc_debug:sfcdebug.obj
 0001:000275e0       sf_debug_data_loss_error   00000001800285e0 f   sfc_debug:sfcdebug.obj
 0001:00028500       call_cv_range_check        0000000180029500 f   sfc_debug:sfcdebug.obj
 0001:00028cd0       sf_debug_invoke_cycle_detection_code 0000000180029cd0 f   sfc_debug:sfcdebug.obj
 0001:00029db0       sf_reset_debug_info_struct 000000018002adb0 f   sfc_debug:sfcdebug.obj
 0001:0002a6a0       cv_script_cvId             000000018002b6a0 f   sfc_debug:sfcdebug.obj
 0001:0002b3f0       sfc_api_chart_visible      000000018002c3f0 f   sfc_debug:sfc_api.obj
 0001:0002b470       sfc_api_active_instance    000000018002c470 f   sfc_debug:sfc_api.obj
 0001:0002b4f0       sfc_api_machine_load       000000018002c4f0 f   sfc_debug:sfc_api.obj
 0001:0002b5c0       sfc_api_debugger_alive     000000018002c5c0 f   sfc_debug:sfc_api.obj
 0001:0002b5d0       sfc_api_go                 000000018002c5d0 f   sfc_debug:sfc_api.obj
 0001:0002b5e0       sfc_api_step_over          000000018002c5e0 f   sfc_debug:sfc_api.obj
 0001:0002b5f0       sfc_api_step_out           000000018002c5f0 f   sfc_debug:sfc_api.obj
 0001:0002b600       sfc_api_resume             000000018002c600 f   sfc_debug:sfc_api.obj
 0001:0002b610       sfc_api_break              000000018002c610 f   sfc_debug:sfc_api.obj
 0001:0002b620       sfc_api_stop_debugging     000000018002c620 f   sfc_debug:sfc_api.obj
 0001:0002b670       sfc_api_is_cycle_detected  000000018002c670 f   sfc_debug:sfc_api.obj
 0001:0002b6c0       sfc_api_is_array_bounds_detected 000000018002c6c0 f   sfc_debug:sfc_api.obj
 0001:0002b710       sfc_api_set_disable_all_breakpoints 000000018002c710 f   sfc_debug:sfc_api.obj
 0001:0002b780       sfc_api_disable_all_breakpoints_and_go 000000018002c780 f   sfc_debug:sfc_api.obj
 0001:0002b790       sfc_api_close              000000018002c790 f   sfc_debug:sfc_api.obj
 0001:0002b7a0       sfc_api_browse_data        000000018002c7a0 f   sfc_debug:sfc_api.obj
 0001:0002b810       sfc_api_watch_data         000000018002c810 f   sfc_debug:sfc_api.obj
 0001:0002b8b0       sfc_api_extract_message_post_receive_info 000000018002c8b0 f   sfc_debug:sfc_api.obj
 0001:0002b8d0       sfc_api_assign_data        000000018002c8d0 f   sfc_debug:sfc_api.obj
 0001:0002b970       sfc_api_whos               000000018002c970 f   sfc_debug:sfc_api.obj
 0001:0002ba00       sfc_api_get_consistency_info 000000018002ca00 f   sfc_debug:sfc_api.obj
 0001:0002ba10       sfc_api_browse_trace       000000018002ca10 f   sfc_debug:sfc_api.obj
 0001:0002ba20       sfc_api_break_on_chart_entry 000000018002ca20 f   sfc_debug:sfc_api.obj
 0001:0002ba40       sfc_api_break_on_event_broadcast 000000018002ca40 f   sfc_debug:sfc_api.obj
 0001:0002ba60       sfc_api_break_on_state_entry 000000018002ca60 f   sfc_debug:sfc_api.obj
 0001:0002ba80       sfc_api_set_watch          000000018002ca80 f   sfc_debug:sfc_api.obj
 0001:0002bb20       sfc_api_set_breakpoints    000000018002cb20 f   sfc_debug:sfc_api.obj
 0001:0002bbc0       sfc_api_set_eml_breakpoints 000000018002cbc0 f   sfc_debug:sfc_api.obj
 0001:0002bc40       sfc_api_set_script_breakpoints 000000018002cc40 f   sfc_debug:sfc_api.obj
 0001:0002bc90       sfc_api_add_script_breakpoints 000000018002cc90 f   sfc_debug:sfc_api.obj
 0001:0002bce0       sfc_api_clear_script_breakpoints 000000018002cce0 f   sfc_debug:sfc_api.obj
 0001:0002bd30       sfc_api_query_script_breakpoints 000000018002cd30 f   sfc_debug:sfc_api.obj
 0001:0002bd90       sfc_api_get_script_id      000000018002cd90 f   sfc_debug:sfc_api.obj
 0001:0002be50       sfc_api_get_active_states  000000018002ce50 f   sfc_debug:sfc_api.obj
 0001:0002bed0       sfc_api_break_between_times 000000018002ced0 f   sfc_debug:sfc_api.obj
 0001:0002bf30       sfc_api_get_instance_handle 000000018002cf30 f   sfc_debug:sfc_api.obj
 0001:0002bfe0       sfc_api_set_animation      000000018002cfe0 f   sfc_debug:sfc_api.obj
 0001:0002c030       sfc_api_select_chart       000000018002d030 f   sfc_debug:sfc_api.obj
 0001:0002c090       sfc_api_select_charts      000000018002d090 f   sfc_debug:sfc_api.obj
 0001:0002c0c0       sfc_api_cycle_detection_check 000000018002d0c0 f   sfc_debug:sfc_api.obj
 0001:0002c110       sfc_api_data_range_check   000000018002d110 f   sfc_debug:sfc_api.obj
 0001:0002c160       sfc_api_transition_conflict_check 000000018002d160 f   sfc_debug:sfc_api.obj
 0001:0002c1b0       sfc_api_state_consistency_check 000000018002d1b0 f   sfc_debug:sfc_api.obj
 0001:0002c200       sfc_api_set_instance_cv_ids 000000018002d200 f   sfc_debug:sfc_api.obj
 0001:0002c310       sfc_api_set_script_cv_ids  000000018002d310 f   sfc_debug:sfc_api.obj
 0001:0002c3c0       sfc_api_get_current_machine_id 000000018002d3c0 f   sfc_debug:sfc_api.obj
 0001:0002c3f0       sfc_api_get_current_machine_number 000000018002d3f0 f   sfc_debug:sfc_api.obj
 0001:0002c420       sfc_api_get_current_chart_number 000000018002d420 f   sfc_debug:sfc_api.obj
 0001:0002c450       sfc_api_get_current_instance_number 000000018002d450 f   sfc_debug:sfc_api.obj
 0001:0002c480       sfc_api_get_current_instance_handle 000000018002d480 f   sfc_debug:sfc_api.obj
 0001:0002c4a0       sfc_api_get_current_is_minor_time_step 000000018002d4a0 f   sfc_debug:sfc_api.obj
 0001:0002c4d0       sfc_api_get_current_machine_name 000000018002d4d0 f   sfc_debug:sfc_api.obj
 0001:0002c4f0       sfc_api_get_current_chart_id 000000018002d4f0 f   sfc_debug:sfc_api.obj
 0001:0002c520       sfc_api_get_current_object_type 000000018002d520 f   sfc_debug:sfc_api.obj
 0001:0002c550       sfc_api_get_current_event_type 000000018002d550 f   sfc_debug:sfc_api.obj
 0001:0002c580       sfc_api_get_current_object_id 000000018002d580 f   sfc_debug:sfc_api.obj
 0001:0002c5b0       sfc_get_current_active_event_type 000000018002d5b0 f   sfc_debug:sfc_api.obj
 0001:0002c5e0       sfc_api_get_current_active_event_id 000000018002d5e0 f   sfc_debug:sfc_api.obj
 0001:0002c610       sfc_api_get_current_simulation_time 000000018002d610 f   sfc_debug:sfc_api.obj
 0001:0002c630       sfc_get_current_tag_type   000000018002d630 f   sfc_debug:sfc_api.obj
 0001:0002c660       sfc_get_current_coverage_percentage 000000018002d660 f   sfc_debug:sfc_api.obj
 0001:0002c680       sfc_get_current_statement_context 000000018002d680 f   sfc_debug:sfc_api.obj
 0001:0002c6a0       sfc_get_current_optional_integer 000000018002d6a0 f   sfc_debug:sfc_api.obj
 0001:0002c6d0       sfc_get_current_statement_info 000000018002d6d0 f   sfc_debug:sfc_api.obj
 0001:0002c770       sfc_api_get                000000018002d770 f   sfc_debug:sfc_api.obj
 0001:0002c8d0       sf_debug_sm_is_using_unified_editors 000000018002d8d0 f   sfc_debug:sfdb_animation.obj
 0001:0002c970       sf_debug_sm_is_chart_visible_in_unified_editors 000000018002d970 f   sfc_debug:sfdb_animation.obj
 0001:0002ca30       sf_debug_sm_check_if_chart_is_visible 000000018002da30 f   sfc_debug:sfdb_animation.obj
 0001:0002d530       sf_debug_sm_fill_state_activity_data 000000018002e530 f   sfc_debug:sfdb_animation.obj
 0001:0002fd60       void_ptr_stack_vector_free_total 0000000180030d60 f   sfc_debug:sfdb_data_browse.obj
 0001:0002fdf0       sf_debug_st_terminate_machine 0000000180030df0 f   sfc_debug:sfdb_data_browse.obj
 0001:0002fe30       sf_debug_st_terminate_instance 0000000180030e30 f   sfc_debug:sfdb_data_browse.obj
 0001:000301e0       push_on_to_void_ptr_stack  00000001800311e0 f   sfc_debug:sfdb_data_browse.obj
 0001:00030370       pop_from_void_ptr_stack    0000000180031370 f   sfc_debug:sfdb_data_browse.obj
 0001:000304a0       sf_debug_st_get_data_value 00000001800314a0 f   sfc_debug:sfdb_data_browse.obj
 0001:00030a30       mx_value                   0000000180031a30 f   sfc_debug:sfdb_data_browse.obj
 0001:00030a70       sf_debug_st_fill_data_struct 0000000180031a70 f   sfc_debug:sfdb_data_browse.obj
 0001:00030db0       data_type_format_strings   0000000180031db0 f   sfc_debug:sfdb_data_browse.obj
 0001:00030e60       sf_debug_st_fill_data      0000000180031e60 f   sfc_debug:sfdb_data_browse.obj
 0001:00031bb0       sf_debug_hm_get_simulink_handle 0000000180032bb0 f   sfc_debug:sfdb_handle_management.obj
 0001:00032700       sf_debug_hm_initialize_globals 0000000180033700 f   sfc_debug:sfdb_handle_management.obj
 0001:00032800       sf_debug_hm_get_machine_debug_flag 0000000180033800 f   sfc_debug:sfdb_handle_management.obj
 0001:00032970       sf_debug_hm_get_machine_id 0000000180033970 f   sfc_debug:sfdb_handle_management.obj
 0001:00032a90       sf_debug_hm_get_chart_id   0000000180033a90 f   sfc_debug:sfdb_handle_management.obj
 0001:00032c30       sf_debug_hm_register_executing_SFunction 0000000180033c30 f   sfc_debug:sfdb_handle_management.obj
 0001:00032dd0       sf_debug_hm_get_chart_active_instance 0000000180033dd0 f   sfc_debug:sfdb_handle_management.obj
 0001:00032f40       sf_debug_hm_get_chart_visibility 0000000180033f40 f   sfc_debug:sfdb_handle_management.obj
 0001:00033090       sf_debug_hm_form_object_boolean_properties 0000000180034090 f   sfc_debug:sfdb_handle_management.obj
 0001:00033360       sf_debug_hm_form_object_properties 0000000180034360 f   sfc_debug:sfdb_handle_management.obj
 0001:000335a0       sf_debug_hm_terminate_charts 00000001800345a0 f   sfc_debug:sfdb_handle_management.obj
 0001:00033d10       sf_debug_hm_terminate_machines 0000000180034d10 f   sfc_debug:sfdb_handle_management.obj
 0001:00035960       sf_debug_ss_copy_dimension 0000000180036960 f   sfc_debug:sfdb_symbol_scope.obj
 0001:00035a20       sf_debug_ss_get_number_elements 0000000180036a20 f   sfc_debug:sfdb_symbol_scope.obj
 0001:00035a40       sf_debug_ss_fill_data_struct 0000000180036a40 f   sfc_debug:sfdb_symbol_scope.obj
 0001:00035d90       sf_debug_ss_reset_data_info 0000000180036d90 f   sfc_debug:sfdb_symbol_scope.obj
 0001:00035df0       sf_debug_fill_data_info_by_symbol_scope_entry 0000000180036df0 f   sfc_debug:sfdb_symbol_scope.obj
 0001:00035eb0       sf_debug_fill_data_info_by_data_vector 0000000180036eb0 f   sfc_debug:sfdb_symbol_scope.obj
 0001:00036100       sf_debug_ss_get_data_info  0000000180037100 f   sfc_debug:sfdb_symbol_scope.obj
 0001:000363f0       sf_debug_select_mex_function 00000001800373f0 f   sfc_debug:sfdb_symbol_scope.obj
 0001:00036420       sf_debug_is_dyn_matrix_initialized 0000000180037420 f   sfc_debug:sfdb_symbol_scope.obj
 0001:00036440       sf_debug_ss_set_data_value_try 0000000180037440 f   sfc_debug:sfdb_symbol_scope.obj
 0001:00036610       sf_debug_ss_get_data_value 0000000180037610 f   sfc_debug:sfdb_symbol_scope.obj
 0001:00036b60       sf_debug_ss_data_bytes_string 0000000180037b60 f   sfc_debug:sfdb_symbol_scope.obj
 0001:00036c10       sf_debug_ss_data_class_string 0000000180037c10 f   sfc_debug:sfdb_symbol_scope.obj
 0001:00036fa0       sf_debug_ss_data_size_string 0000000180037fa0 f   sfc_debug:sfdb_symbol_scope.obj
 0001:00037080       sf_debug_ss_data_create_data_info_struct 0000000180038080 f   sfc_debug:sfdb_symbol_scope.obj
 0001:00037350       sf_debug_ss_data_create_name_value_pair 0000000180038350 f   sfc_debug:sfdb_symbol_scope.obj
 0001:000373f0       sf_debug_ss_data_get_whos_info 00000001800383f0 f   sfc_debug:sfdb_symbol_scope.obj
 0001:00037400       same_named_data_in_data_array 0000000180038400 f   sfc_debug:sfdb_symbol_scope.obj
 0001:00038c70       sf_debug_cc_terminate_chart 0000000180039c70 f   sfc_debug:sfdb_coverage.obj
 0001:00039010       sf_debug_cc_terminate_instance 000000018003a010 f   sfc_debug:sfdb_coverage.obj
 0001:00039c00       sf_debug_cc_mark_object_if_needed 000000018003ac00 f   sfc_debug:sfdb_coverage.obj
 0001:0003a500       sf_debug_bm_initialize_eml 000000018003b500 f   sfc_debug:sfdb_breakpoints.obj
 0001:0003b670       sf_debug_bm_map_debug_tag_to_breakpoint_tag 000000018003c670 f   sfc_debug:sfdb_breakpoints.obj
 0001:0003b750       sf_debug_bm_is_a_eml_breakpoint_impl 000000018003c750 f   sfc_debug:sfdb_breakpoints.obj
 0001:0003d1d0       sf_debug_sc_push_on_error_stack 000000018003e1d0 f   sfc_debug:sfdb_state_consistency.obj
 0001:0003d300       sf_debug_sc_reset_error_stack 000000018003e300 f   sfc_debug:sfdb_state_consistency.obj
 0001:0003d490       sf_debug_sc_is_state_inconsistent 000000018003e490 f   sfc_debug:sfdb_state_consistency.obj
 0001:0003d790       sf_debug_sc_fill_consistency_info 000000018003e790 f   sfc_debug:sfdb_state_consistency.obj
 0001:0003dd70       void_assertion_fcn         000000018003ed70 f   sfc_debug:sfdb_call_stack.obj
 0001:0003e2f0       sf_debug_tm_fill_local_trace 000000018003f2f0 f   sfc_debug:sfdb_call_stack.obj
 0001:0003e8c0       sf_debug_cd_terminate_instance 000000018003f8c0 f   sfc_debug:sfdb_cycle_detection.obj
 0001:0003e920       sf_debug_cd_free_checksum_stack 000000018003f920 f   sfc_debug:sfdb_cycle_detection.obj
 0001:0003e970       sf_debug_cd_reset_pack_strings 000000018003f970 f   sfc_debug:sfdb_cycle_detection.obj
 0001:0003f030       md5file_clear              0000000180040030 f   sfc_debug:ckmd5.obj
 0001:0003f060       Encode                     0000000180040060 f   sfc_debug:ckmd5.obj
 0001:0003f0b0       Decode                     00000001800400b0 f   sfc_debug:ckmd5.obj
 0001:0003f150       MD5Transform               0000000180040150 f   sfc_debug:ckmd5.obj
 0001:0003f9a0       md5file_addn               00000001800409a0 f   sfc_debug:ckmd5.obj
 0001:0003fa70       md5file_hash               0000000180040a70 f   sfc_debug:ckmd5.obj
 0001:0003ff48       pre_c_init                 0000000180040f48 f   MSVCRT:crtdll.obj
 0001:00040204       __DllMainCRTStartup        0000000180041204 f   MSVCRT:crtdll.obj
 0001:00040910       __DllMainCRTStartup$filt$0 0000000180041910 f   MSVCRT:crtdll.obj
 0001:00040940       __DllMainCRTStartup$fin$1  0000000180041940 f   MSVCRT:crtdll.obj
 0001:0004095a       _onexit$fin$0              000000018004195a f   MSVCRT:atonexit.obj
 0001:00040980       _IsNonwritableInCurrentImage$filt$0 0000000180041980 f   MSVCRT:pesect.obj
